Component: ARM Compiler 5.06 update 3 (build 300) Tool: armlink [4d35c9]

==============================================================================

Section Cross References

    main.o(i.DKN_Send_Ftms_machine_status) refers to ble_ftms.o(i.ble_ftms_machine_status_send) for ble_ftms_machine_status_send
    main.o(i.DKN_Send_Ftms_machine_status) refers to main.o(.bss) for .bss
    main.o(i.DKN_Send_Ftms_machine_status) refers to main.o(.data) for .data
    main.o(i.DKN_nus_Send) refers to ble_nus_domyos.o(i.ble_nus_data_send) for ble_nus_data_send
    main.o(i.DKN_nus_Send) refers to main.o(.data) for .data
    main.o(i.F_Int_BCD) refers to main.o(.data) for .data
    main.o(i.adv_report_parse) refers to memmovea.o(.text) for __aeabi_memcpy
    main.o(i.advertising_init) refers to memseta.o(.text) for __aeabi_memclr4
    main.o(i.advertising_init) refers to ble_advdata.o(i.ble_advdata_encode) for ble_advdata_encode
    main.o(i.advertising_init) refers to nrf_log_frontend.o(i.nrf_log_frontend_std_1) for nrf_log_frontend_std_1
    main.o(i.advertising_init) refers to app_error.o(i.app_error_handler_bare) for app_error_handler_bare
    main.o(i.advertising_init) refers to memmovea.o(.text) for __aeabi_memcpy
    main.o(i.advertising_init) refers to main.o(.constdata) for .constdata
    main.o(i.advertising_init) refers to main.o(.bss) for .bss
    main.o(i.advertising_init) refers to nrf_log_frontend.o(log_const_data) for m_nrf_log_app_logs_data_const
    main.o(i.advertising_init) refers to main.o(.data) for .data
    main.o(i.advertising_start) refers to nrf_log_frontend.o(i.nrf_log_frontend_std_1) for nrf_log_frontend_std_1
    main.o(i.advertising_start) refers to app_error.o(i.app_error_handler_bare) for app_error_handler_bare
    main.o(i.advertising_start) refers to bsp.o(i.bsp_indication_set) for bsp_indication_set
    main.o(i.advertising_start) refers to main.o(.data) for .data
    main.o(i.advertising_start) refers to nrf_log_frontend.o(log_const_data) for m_nrf_log_app_logs_data_const
    main.o(i.advertising_start) refers to main.o(.bss) for .bss
    main.o(i.ant_evt_handler) refers to my_uart.o(i.uart_has_hr_recv) for uart_has_hr_recv
    main.o(i.ant_evt_handler) refers to nrf_log_frontend.o(i.nrf_log_frontend_std_1) for nrf_log_frontend_std_1
    main.o(i.ant_evt_handler) refers to nrf_log_frontend.o(i.nrf_log_frontend_std_3) for nrf_log_frontend_std_3
    main.o(i.ant_evt_handler) refers to main.o(.bss) for .bss
    main.o(i.ant_evt_handler) refers to nrf_log_frontend.o(log_const_data) for m_nrf_log_app_logs_data_const
    main.o(i.ant_evt_handler) refers to main.o(.data) for .data
    main.o(i.ant_hrm_scan_start) refers to app_error.o(i.app_error_handler_bare) for app_error_handler_bare
    main.o(i.ant_hrm_scan_start) refers to ant_channel_config.o(i.ant_channel_init) for ant_channel_init
    main.o(i.ant_hrm_scan_start) refers to ant_search_config.o(i.ant_search_init) for ant_search_init
    main.o(i.ant_hrm_scan_start) refers to nrf_log_frontend.o(i.nrf_log_frontend_std_1) for nrf_log_frontend_std_1
    main.o(i.ant_hrm_scan_start) refers to memseta.o(.text) for __aeabi_memclr
    main.o(i.ant_hrm_scan_start) refers to main.o(.constdata) for .constdata
    main.o(i.ant_hrm_scan_start) refers to nrf_log_frontend.o(log_const_data) for m_nrf_log_app_logs_data_const
    main.o(i.ant_hrm_scan_start) refers to main.o(.bss) for .bss
    main.o(i.assert_nrf_callback) refers to app_error_handler_keil.o(.emb_text) for app_error_handler
    main.o(i.ble_evt_handler) refers to ble_conn_state.o(i.ble_conn_state_role) for ble_conn_state_role
    main.o(i.ble_evt_handler) refers to ble_hrs_c.o(i.ble_hrs_c_on_ble_evt) for ble_hrs_c_on_ble_evt
    main.o(i.ble_evt_handler) refers to main.o(i.on_ble_central_evt) for on_ble_central_evt
    main.o(i.ble_evt_handler) refers to ble_hrs.o(i.ble_hrs_on_ble_evt) for ble_hrs_on_ble_evt
    main.o(i.ble_evt_handler) refers to ble_nus_domyos.o(i.ble_nus_on_ble_evt) for ble_nus_on_ble_evt
    main.o(i.ble_evt_handler) refers to ble_ftms.o(i.ble_ftms_on_ble_evt) for ble_ftms_on_ble_evt
    main.o(i.ble_evt_handler) refers to main.o(i.on_ble_peripheral_evt) for on_ble_peripheral_evt
    main.o(i.ble_evt_handler) refers to main.o(.bss) for .bss
    main.o(i.ble_evt_handler) refers to main.o(.data) for .data
    main.o(i.conn_params_error_handler) refers to app_error.o(i.app_error_handler_bare) for app_error_handler_bare
    main.o(i.conn_params_init) refers to memseta.o(.text) for __aeabi_memclr4
    main.o(i.conn_params_init) refers to ble_conn_params.o(i.ble_conn_params_init) for ble_conn_params_init
    main.o(i.conn_params_init) refers to nrf_log_frontend.o(i.nrf_log_frontend_std_1) for nrf_log_frontend_std_1
    main.o(i.conn_params_init) refers to app_error.o(i.app_error_handler_bare) for app_error_handler_bare
    main.o(i.conn_params_init) refers to main.o(i.conn_params_error_handler) for conn_params_error_handler
[...]
    0x00030a80   0x00000068   Code   RO            6    i.F_Int_BCD         main.o
    0x00030ae8   0x000000a4   Code   RO         4795    i.GPIOTE_IRQHandler  nrfx_gpiote.o
    0x00030b8c   0x00000010   Code   RO         6123    i.RTC1_IRQHandler   drv_rtc.o
    0x00030b9c   0x00000004   Code   RO         8356    i.SEGGER_RTT_Init   segger_rtt.o
    0x00030ba0   0x0000005c   Code   RO         8370    i.SEGGER_RTT_WriteNoLock  segger_rtt.o
    0x00030bfc   0x00000004   Code   RO         8704    i.SWI2_EGU2_IRQHandler  nrf_sdh.o
    0x00030c00   0x000003a0   Code   RO         8965    i.SystemInit        system_nrf52.o
    0x00030fa0   0x00000050   Code   RO         5512    i.TIMER1_IRQHandler  nrfx_timer.o
    0x00030ff0   0x0000000c   Code   RO         5106    i.UARTE0_UART0_IRQHandler  nrfx_prs.o
    0x00030ffc   0x00000068   Code   RO         8374    i._DoInit           segger_rtt.o
    0x00031064   0x00000016   Code   RO         8375    i._GetAvailWriteSpace  segger_rtt.o
    0x0003107a   0x0000005a   Code   RO         8377    i._WriteBlocking    segger_rtt.o
    0x000310d4   0x00000042   Code   RO         8378    i._WriteNoCheck     segger_rtt.o
    0x00031116   0x0000000e   Code   RO         9403    i.__scatterload_copy  mc_w.l(handlers.o)
    0x00031124   0x00000002   Code   RO         9404    i.__scatterload_null  mc_w.l(handlers.o)
    0x00031126   0x0000000e   Code   RO         9405    i.__scatterload_zeroinit  mc_w.l(handlers.o)
    0x00031134   0x00000024   Code   RO         8705    i.__sd_nvic_app_accessible_irq  nrf_sdh.o
    0x00031158   0x0000001c   Code   RO         1984    i.active_flag_count  ble_conn_state.o
    0x00031174   0x00000026   Code   RO         2491    i.addr_compare      id_manager.o
    0x0003119a   0x0000000c   Code   RO         7029    i.addr_is_aligned32  nrf_fstorage.o
    0x000311a6   0x00000018   Code   RO         7030    i.addr_is_within_bounds  nrf_fstorage.o
    0x000311be   0x0000003c   Code   RO            7    i.adv_report_parse  main.o
    0x000311fa   0x00000002   PAD
    0x000311fc   0x00000124   Code   RO            8    i.advertising_init  main.o
    0x00031320   0x00000070   Code   RO            9    i.advertising_start  main.o
    0x00031390   0x00000052   Code   RO         2492    i.ah                id_manager.o
    0x000313e2   0x00000002   PAD
    0x000313e4   0x0000000c   Code   RO         3614    i.allow_repairing   security_dispatcher.o
    0x000313f0   0x0000003c   Code   RO         1284    i.ant_channel_init  ant_channel_config.o
    0x0003142c   0x00000128   Code   RO           10    i.ant_evt_handler   main.o
    0x00031554   0x000000c8   Code   RO           11    i.ant_hrm_scan_start  main.o
    0x0003161c   0x0000000c   Code   RO         1609    i.ant_plus_key_set  ant_key_manager.o
    0x00031628   0x00000040   Code   RO         1648    i.ant_search_init   ant_search_config.o
    0x00031668   0x00000084   Code   RO         5802    i.app_error_fault_handler  app_error_weak.o
    0x000316ec   0x00000016   Code   RO         5746    i.app_error_handler_bare  app_error.o
    0x00031702   0x00000016   Code   RO         7703    i.app_fifo_get      app_fifo.o
    0x00031718   0x00000020   Code   RO         7704    i.app_fifo_init     app_fifo.o
    0x00031738   0x0000001a   Code   RO         7706    i.app_fifo_put      app_fifo.o
    0x00031752   0x00000002   PAD
    0x00031754   0x0000000c   Code   RO         5887    i.app_timer_cnt_get  app_timer2.o
    0x00031760   0x00000016   Code   RO         5888    i.app_timer_create  app_timer2.o
    0x00031776   0x00000002   PAD
    0x00031778   0x0000005c   Code   RO         5889    i.app_timer_init    app_timer2.o
    0x000317d4   0x00000030   Code   RO         5892    i.app_timer_start   app_timer2.o
    0x00031804   0x0000000c   Code   RO         5893    i.app_timer_stop    app_timer2.o
    0x00031810   0x00000034   Code   RO         7606    i.app_uart_get      app_uart_fifo.o
    0x00031844   0x000000a4   Code   RO         7607    i.app_uart_init     app_uart_fifo.o
    0x000318e8   0x00000054   Code   RO         7608    i.app_uart_put      app_uart_fifo.o
    0x0003193c   0x00000048   Code   RO         6028    i.app_util_critical_region_enter  app_util_platform.o
    0x00031984   0x00000034   Code   RO         6029    i.app_util_critical_region_exit  app_util_platform.o
    0x000319b8   0x00000088   Code   RO         5160    i.apply_config      nrfx_uart.o
    0x00031a40   0x00000088   Code   RO         5352    i.apply_config      nrfx_uarte.o
    0x00031ac8   0x00000004   Code   RO         2230    i.apply_pending_handle  gatt_cache_manager.o
    0x00031acc   0x00000180   Code   RO         3615    i.auth_status_success_process  security_dispatcher.o
    0x00031c4c   0x00000048   Code   RO         3950    i.blcm_link_ctx_get  ble_link_ctx_manager.o
    0x00031c94   0x00000182   Code   RO         1694    i.ble_advdata_encode  ble_advdata.o
    0x00031e16   0x00000044   Code   RO         1695    i.ble_advdata_name_find  ble_advdata.o
    0x00031e5a   0x00000046   Code   RO         1697    i.ble_advdata_search  ble_advdata.o
    0x00031ea0   0x000000b6   Code   RO         1699    i.ble_advdata_uuid_find  ble_advdata.o
    0x00031f56   0x00000002   PAD
    0x00031f58   0x00000068   Code   RO         1912    i.ble_conn_params_init  ble_conn_params.o
    0x00031fc0   0x0000001c   Code   RO         1986    i.ble_conn_state_central_conn_count  ble_conn_state.o
    0x00031fdc   0x00000012   Code   RO         1990    i.ble_conn_state_conn_idx  ble_conn_state.o
    0x00031fee   0x00000002   PAD
    0x00031ff0   0x00000020   Code   RO         1991    i.ble_conn_state_encrypted  ble_conn_state.o
    0x00032010   0x0000002c   Code   RO         1993    i.ble_conn_state_for_each_set_user_flag  ble_conn_state.o
    0x0003203c   0x00000020   Code   RO         1995    i.ble_conn_state_lesc  ble_conn_state.o
    0x0003205c   0x00000020   Code   RO         1996    i.ble_conn_state_mitm_protected  ble_conn_state.o
    0x0003207c   0x00000024   Code   RO         1999    i.ble_conn_state_role  ble_conn_state.o
    0x000320a0   0x00000024   Code   RO         2000    i.ble_conn_state_status  ble_conn_state.o
    0x000320c4   0x00000030   Code   RO         2002    i.ble_conn_state_user_flag_get  ble_conn_state.o
    0x000320f4   0x00000038   Code   RO         2003    i.ble_conn_state_user_flag_set  ble_conn_state.o
    0x0003212c   0x00000014   Code   RO         2004    i.ble_conn_state_valid  ble_conn_state.o
    0x00032140   0x00000040   Code   RO         4094    i.ble_db_discovery_evt_register  ble_db_discovery.o
    0x00032180   0x00000024   Code   RO         4095    i.ble_db_discovery_init  ble_db_discovery.o
    0x000321a4   0x0000005c   Code   RO         4096    i.ble_db_discovery_on_ble_evt  ble_db_discovery.o
    0x00032200   0x00000028   Code   RO         4097    i.ble_db_discovery_start  ble_db_discovery.o
    0x00032228   0x00000060   Code   RO         1700    i.ble_device_addr_encode  ble_advdata.o
    0x00032288   0x0000013c   Code   RO         4321    i.ble_dis_init      ble_dis.o
    0x000323c4   0x00000068   Code   RO           13    i.ble_evt_handler   main.o
    0x0003242c   0x000000fc   Code   RO         1914    i.ble_evt_handler   ble_conn_params.o
    0x00032528   0x00000118   Code   RO         2005    i.ble_evt_handler   ble_conn_state.o
    0x00032640   0x00000028   Code   RO         3161    i.ble_evt_handler   peer_manager.o
    0x00032668   0x0000008c   Code   RO         9015    i.ble_ftms_control_point_send  ble_ftms.lib(ble_ftms.o)
    0x000326f4   0x00000068   Code   RO         9016    i.ble_ftms_cross_trainer_send  ble_ftms.lib(ble_ftms.o)
    0x0003275c   0x00000068   Code   RO         9019    i.ble_ftms_indoorbike_send  ble_ftms.lib(ble_ftms.o)
    0x000327c4   0x000002b8   Code   RO         9020    i.ble_ftms_init     ble_ftms.lib(ble_ftms.o)
    0x00032a7c   0x00000076   Code   RO         9021    i.ble_ftms_machine_status_send  ble_ftms.lib(ble_ftms.o)
    0x00032af2   0x00000040   Code   RO         9022    i.ble_ftms_on_ble_evt  ble_ftms.lib(ble_ftms.o)
    0x00032b32   0x00000068   Code   RO         9025    i.ble_ftms_rower_send  ble_ftms.lib(ble_ftms.o)
    0x00032b9a   0x00000068   Code   RO         9027    i.ble_ftms_training_status_send  ble_ftms.lib(ble_ftms.o)
    0x00032c02   0x00000068   Code   RO         9029    i.ble_ftms_treadmill_send  ble_ftms.lib(ble_ftms.o)
    0x00032c6a   0x00000016   Code   RO         4528    i.ble_hrs_c_handles_assign  ble_hrs_c.o
    0x00032c80   0x00000050   Code   RO         4529    i.ble_hrs_c_hrm_notif_enable  ble_hrs_c.o
    0x00032cd0   0x00000038   Code   RO         4530    i.ble_hrs_c_init    ble_hrs_c.o
    0x00032d08   0x00000030   Code   RO         4531    i.ble_hrs_c_on_ble_evt  ble_hrs_c.o
    0x00032d38   0x0000005c   Code   RO         4375    i.ble_hrs_heart_rate_measurement_send  ble_hrs.o
    0x00032d94   0x000000d4   Code   RO         4376    i.ble_hrs_init      ble_hrs.o
    0x00032e68   0x00000050   Code   RO         4377    i.ble_hrs_on_ble_evt  ble_hrs.o
    0x00032eb8   0x0000007c   Code   RO         4532    i.ble_hrs_on_db_disc_evt  ble_hrs_c.o
    0x00032f34   0x0000001c   Code   RO         4378    i.ble_hrs_on_gatt_evt  ble_hrs.o
    0x00032f50   0x00000066   Code   RO         4457    i.ble_nus_data_send  ble_nus_domyos.o
    0x00032fb6   0x00000002   PAD
    0x00032fb8   0x0000005c   Code   RO         4458    i.ble_nus_init      ble_nus_domyos.o
    0x00033014   0x00000076   Code   RO         4459    i.ble_nus_on_ble_evt  ble_nus_domyos.o
    0x0003308a   0x00000012   Code   RO         2168    i.ble_srv_ascii_to_utf8  ble_srv_common.o
    0x0003309c   0x00000008   Code   RO         2169    i.ble_srv_is_indication_enabled  ble_srv_common.o
    0x000330a4   0x00000008   Code   RO         2170    i.ble_srv_is_notification_enabled  ble_srv_common.o
    0x000330ac   0x00000024   Code   RO         1017    i.bsp_board_led_invert  boards.o
    0x000330d0   0x00000010   Code   RO         1018    i.bsp_board_led_off  boards.o
    0x000330e0   0x00000010   Code   RO         1019    i.bsp_board_led_on  boards.o
    0x000330f0   0x00000020   Code   RO         1020    i.bsp_board_led_state_get  boards.o
    0x00033110   0x00000012   Code   RO         1021    i.bsp_board_leds_off  boards.o
    0x00033122   0x00000012   Code   RO         1022    i.bsp_board_leds_on  boards.o
    0x00033134   0x00000024   Code   RO         1023    i.bsp_board_pin_to_button_idx  boards.o
    0x00033158   0x00000090   Code   RO         1152    i.bsp_button_event_handler  bsp.o
    0x000331e8   0x00000018   Code   RO         1157    i.bsp_indication_set  bsp.o
    0x00033200   0x000001c8   Code   RO         1159    i.bsp_led_indication  bsp.o
    0x000333c8   0x00000094   Code   RO         8110    i.buf_prealloc      nrf_log_frontend.o
    0x0003345c   0x0000002e   Code   RO         6989    i.buffer_add        nrf_fprintf_format.o
    0x0003348a   0x00000002   PAD
    0x0003348c   0x00000018   Code   RO         8111    i.buffer_is_empty   nrf_log_frontend.o
    0x000334a4   0x00000028   Code   RO         2231    i.car_update_needed  gatt_cache_manager.o
    0x000334cc   0x00000040   Code   RO         2232    i.car_update_pending_handle  gatt_cache_manager.o
    0x0003350c   0x00000010   Code   RO         4798    i.channel_port_get  nrfx_gpiote.o
    0x0003351c   0x00000060   Code   RO         4324    i.char_add          ble_dis.o
    0x0003357c   0x00000190   Code   RO         2172    i.characteristic_add  ble_srv_common.o
    0x0003370c   0x0000006c   Code   RO         4098    i.characteristics_discover  ble_db_discovery.o
    0x00033778   0x0000003e   Code   RO         3071    i.claim             peer_id.o
    0x000337b6   0x00000018   Code   RO         5895    i.compare_func      app_timer2.o
    0x000337ce   0x0000001e   Code   RO         4222    i.conn_handle_id_find  nrf_ble_gq.o
    0x000337ec   0x0000003e   Code   RO         2006    i.conn_handle_list_get  ble_conn_state.o
    0x0003382a   0x00000088   Code   RO         1701    i.conn_int_encode   ble_advdata.o
    0x000338b2   0x00000004   Code   RO           14    i.conn_params_error_handler  main.o
    0x000338b6   0x00000002   PAD
    0x000338b8   0x00000084   Code   RO           15    i.conn_params_init  main.o
    0x0003393c   0x00000048   Code   RO         1915    i.conn_params_negotiation  ble_conn_params.o
    0x00033984   0x00000044   Code   RO         3616    i.conn_sec_failure  security_dispatcher.o
    0x000339c8   0x000000c0   Code   RO         2663    i.data_length_update  nrf_ble_gatt.o
    0x00033a88   0x000000b0   Code   RO           16    i.db_disc_handler   main.o
    0x00033b38   0x00000030   Code   RO         2233    i.db_update_pending_handle  gatt_cache_manager.o
    0x00033b68   0x0000008c   Code   RO         6292    i.delete_execute    fds.o
    0x00033bf4   0x000000b8   Code   RO         4099    i.descriptors_discover  ble_db_discovery.o
    0x00033cac   0x00000030   Code   RO         4100    i.discovery_available_evt_trigger  ble_db_discovery.o
    0x00033cdc   0x000000b4   Code   RO         4101    i.discovery_complete_evt_trigger  ble_db_discovery.o
    0x00033d90   0x00000050   Code   RO         4102    i.discovery_error_handler  ble_db_discovery.o
    0x00033de0   0x0000007c   Code   RO         4103    i.discovery_start   ble_db_discovery.o
    0x00033e5c   0x000001ec   Code   RO          650    i.dkn_bike_el_rx    dkn_cmd.o
    0x00034048   0x0000008c   Code   RO          651    i.dkn_cal_dell      dkn_cmd.o
    0x000340d4   0x0000004c   Code   RO          833    i.dkn_cmd_dell_in_main_loop  my_uart.o
    0x00034120   0x00000020   Code   RO          652    i.dkn_cmd_init      dkn_cmd.o
    0x00034140   0x0000004c   Code   RO          653    i.dkn_cmd_recv_data  dkn_cmd.o
    0x0003418c   0x00000004   Code   RO          654    i.dkn_cmd_send      dkn_cmd.o
    0x00034190   0x00000028   Code   RO          656    i.dkn_get_Console_cmd_len  dkn_cmd.o
    0x000341b8   0x00000074   Code   RO          657    i.dkn_get_deivce_type_from_name  dkn_cmd.o
    0x0003422c   0x0000002c   Code   RO          658    i.dkn_get_pulse_from_uart  dkn_cmd.o
    0x00034258   0x00000148   Code   RO          659    i.dkn_send_ctrl_cmd  dkn_cmd.o
    0x000343a0   0x000001f4   Code   RO          661    i.dkn_treadmill_rx  dkn_cmd.o
    0x00034594   0x00000028   Code   RO          662    i.dkn_treadmill_tx  dkn_cmd.o
    0x000345bc   0x00000014   Code   RO         8112    i.dropped_sat16_get  nrf_log_frontend.o
    0x000345d0   0x00000014   Code   RO         6124    i.drv_rtc_compare_disable  drv_rtc.o
    0x000345e4   0x0000000e   Code   RO         6127    i.drv_rtc_compare_pending  drv_rtc.o
    0x000345f2   0x00000050   Code   RO         6128    i.drv_rtc_compare_set  drv_rtc.o
    0x00034642   0x00000008   Code   RO         6129    i.drv_rtc_counter_get  drv_rtc.o
    0x0003464a   0x00000002   PAD
    0x0003464c   0x000000d8   Code   RO         6130    i.drv_rtc_init      drv_rtc.o
    0x00034724   0x0000001e   Code   RO         6131    i.drv_rtc_irq_trigger  drv_rtc.o
    0x00034742   0x00000008   Code   RO         6133    i.drv_rtc_overflow_enable  drv_rtc.o
    0x0003474a   0x00000008   Code   RO         6134    i.drv_rtc_overflow_pending  drv_rtc.o
    0x00034752   0x00000008   Code   RO         6135    i.drv_rtc_start     drv_rtc.o
    0x0003475a   0x00000008   Code   RO         6136    i.drv_rtc_stop      drv_rtc.o
    0x00034762   0x000000de   Code   RO         6141    i.drv_rtc_windowed_compare_set  drv_rtc.o
    0x00034840   0x0000000a   Code   RO         3617    i.encryption_failure  security_dispatcher.o
    0x0003484a   0x00000002   PAD
    0x0003484c   0x0000004c   Code   RO         7116    i.erase             nrf_fstorage_sd.o
    0x00034898   0x00000074   Code   RO         6293    i.event_prepare     fds.o
    0x0003490c   0x00000020   Code   RO         6294    i.event_send        fds.o
    0x0003492c   0x00000054   Code   RO         7117    i.event_send        nrf_fstorage_sd.o
    0x00034980   0x00000098   Code   RO         3775    i.events_send_from_err_code  security_manager.o
    0x00034a18   0x00000012   Code   RO         6142    i.evt_enable        drv_rtc.o
    0x00034a2a   0x00000014   Code   RO         6143    i.evt_pending       drv_rtc.o
    0x00034a3e   0x00000002   PAD
    0x00034a40   0x0000001c   Code   RO         2234    i.evt_send          gatt_cache_manager.o
    0x00034a5c   0x0000001c   Code   RO         2396    i.evt_send          gatts_cache_manager.o
    0x00034a78   0x0000002c   Code   RO         3162    i.evt_send          peer_manager.o
    0x00034aa4   0x0000001c   Code   RO         3618    i.evt_send          security_dispatcher.o
    0x00034ac0   0x0000000c   Code   RO         3776    i.evt_send          security_manager.o
    0x00034acc   0x00000048   Code   RO         6296    i.fds_file_delete   fds.o
    0x00034b14   0x00000040   Code   RO         6297    i.fds_gc            fds.o
    0x00034b54   0x000000e4   Code   RO         6298    i.fds_init          fds.o
    0x00034c38   0x00000048   Code   RO         6299    i.fds_record_close  fds.o
    0x00034c80   0x00000044   Code   RO         6300    i.fds_record_delete  fds.o
    0x00034cc4   0x0000000e   Code   RO         6301    i.fds_record_find   fds.o
    0x00034cd2   0x00000010   Code   RO         6302    i.fds_record_find_by_key  fds.o
    0x00034ce2   0x00000010   Code   RO         6303    i.fds_record_find_in_file  fds.o
    0x00034cf2   0x00000012   Code   RO         6304    i.fds_record_id_from_desc  fds.o
    0x00034d04   0x0000004c   Code   RO         6306    i.fds_record_open   fds.o
    0x00034d50   0x00000010   Code   RO         6307    i.fds_record_update  fds.o
    0x00034d60   0x00000008   Code   RO         6308    i.fds_record_write  fds.o
    0x00034d68   0x00000030   Code   RO         6310    i.fds_register      fds.o
    0x00034d98   0x00000014   Code   RO         7709    i.fifo_get          app_fifo.o
    0x00034dac   0x00000012   Code   RO         7710    i.fifo_put          app_fifo.o
    0x00034dbe   0x0000000a   Code   RO         2007    i.flag_toggle       ble_conn_state.o
    0x00034dc8   0x00000030   Code   RO         3778    i.flags_set_from_err_code  security_manager.o
    0x00034df8   0x00000030   Code   RO         2008    i.for_each_set_flag  ble_conn_state.o
    0x00034e28   0x00000006   Code   RO         6314    i.fs_event_handler  fds.o
    0x00034e2e   0x00000002   PAD
    0x00034e30   0x00000304   Code   RO           17    i.ftms_contol_point_data_handler  main.o
    0x00035134   0x000000dc   Code   RO         9030    i.ftms_control_point_char_add  ble_ftms.lib(ble_ftms.o)
    0x00035210   0x000000ec   Code   RO         9031    i.ftms_cross_trainer_char_add  ble_ftms.lib(ble_ftms.o)
    0x000352fc   0x00000158   Code   RO         9032    i.ftms_cross_trainer_encode  ble_ftms.lib(ble_ftms.o)
    0x00035454   0x00000098   Code   RO         9033    i.ftms_feature_char_add  ble_ftms.lib(ble_ftms.o)
    0x000354ec   0x000000a4   Code   RO         9034    i.ftms_heartrate_range_char_add  ble_ftms.lib(ble_ftms.o)
    0x00035590   0x000000a2   Code   RO         9035    i.ftms_inclination_range_char_add  ble_ftms.lib(ble_ftms.o)
    0x00035632   0x000000ec   Code   RO         9036    i.ftms_indoorbike_char_add  ble_ftms.lib(ble_ftms.o)
    0x0003571e   0x0000010c   Code   RO         9037    i.ftms_indoorbike_encode  ble_ftms.lib(ble_ftms.o)
    0x0003582a   0x000000fc   Code   RO         9038    i.ftms_machine_status_char_add  ble_ftms.lib(ble_ftms.o)
    0x00035926   0x000000a4   Code   RO         9039    i.ftms_power_range_char_add  ble_ftms.lib(ble_ftms.o)
    0x000359ca   0x000000a2   Code   RO         9040    i.ftms_resistance_level_range_char_add  ble_ftms.lib(ble_ftms.o)
    0x00035a6c   0x000000ec   Code   RO         9041    i.ftms_rower_char_add  ble_ftms.lib(ble_ftms.o)
    0x00035b58   0x0000010e   Code   RO         9042    i.ftms_rower_encode  ble_ftms.lib(ble_ftms.o)
    0x00035c66   0x000000a2   Code   RO         9043    i.ftms_speed_range_char_add  ble_ftms.lib(ble_ftms.o)
    0x00035d08   0x000000f2   Code   RO         9044    i.ftms_training_status_char_add  ble_ftms.lib(ble_ftms.o)
    0x00035dfa   0x000000ec   Code   RO         9045    i.ftms_treadmill_char_add  ble_ftms.lib(ble_ftms.o)
    0x00035ee6   0x00000126   Code   RO         9046    i.ftms_treadmill_encode  ble_ftms.lib(ble_ftms.o)
    0x0003600c   0x00000084   Code   RO           18    i.gap_params_init   main.o
    0x00036090   0x0000000a   Code   RO         4533    i.gatt_error_handler  ble_hrs_c.o
    0x0003609a   0x00000002   PAD
    0x0003609c   0x00000070   Code   RO           19    i.gatt_evt_handler  main.o
    0x0003610c   0x0000002c   Code   RO         4223    i.gattc_write_alloc  nrf_ble_gq.o
    0x00036138   0x0000003e   Code   RO         4224    i.gatts_hvx_alloc   nrf_ble_gq.o
    0x00036176   0x00000002   PAD
    0x00036178   0x00000078   Code   RO         6315    i.gc_execute        fds.o
    0x000361f0   0x0000004c   Code   RO         6316    i.gc_next_page      fds.o
    0x0003623c   0x00000040   Code   RO         6317    i.gc_page_erase     fds.o
    0x0003627c   0x00000034   Code   RO         6318    i.gc_record_copy    fds.o
    0x000362b0   0x00000024   Code   RO         6319    i.gc_record_find_next  fds.o
    0x000362d4   0x00000070   Code   RO         6320    i.gc_state_advance  fds.o
    0x00036344   0x00000030   Code   RO         6321    i.gc_swap_pages     fds.o
    0x00036374   0x00000230   Code   RO         2235    i.gcm_ble_evt_handler  gatt_cache_manager.o
    0x000365a4   0x0000003c   Code   RO         2236    i.gcm_im_evt_handler  gatt_cache_manager.o
    0x000365e0   0x00000088   Code   RO         2240    i.gcm_pdb_evt_handler  gatt_cache_manager.o
    0x00036668   0x00000034   Code   RO         5896    i.get_now           app_timer2.o
    0x0003669c   0x0000001c   Code   RO         2397    i.gscm_db_change_notification_done  gatts_cache_manager.o
    0x000366b8   0x00000090   Code   RO         2400    i.gscm_local_db_cache_apply  gatts_cache_manager.o
    0x00036748   0x000000ac   Code   RO         2401    i.gscm_local_db_cache_update  gatts_cache_manager.o
    0x000367f4   0x00000018   Code   RO         2402    i.gscm_pdb_evt_handler  gatts_cache_manager.o
    0x0003680c   0x0000001e   Code   RO         2403    i.gscm_service_changed_ind_needed  gatts_cache_manager.o
    0x0003682a   0x00000002   PAD
    0x0003682c   0x0000005c   Code   RO         2404    i.gscm_service_changed_ind_send  gatts_cache_manager.o
    0x00036888   0x00000018   Code   RO           20    i.he_uint32         main.o
    0x000368a0   0x0000002c   Code   RO         6322    i.header_check      fds.o
    0x000368cc   0x00000012   Code   RO         6323    i.header_has_next   fds.o
    0x000368de   0x00000002   PAD
    0x000368e0   0x00000098   Code   RO         4383    i.hrm_encode        ble_hrs.o
    0x00036978   0x00000110   Code   RO           21    i.hrs_c_evt_handler  main.o
    0x00036a88   0x00000010   Code   RO           22    i.if_limit_min_max  main.o
    0x00036a98   0x00000046   Code   RO         2493    i.im_address_resolve  id_manager.o
    0x00036ade   0x00000002   PAD
    0x00036ae0   0x00000038   Code   RO         2494    i.im_ble_addr_get   id_manager.o
    0x00036b18   0x000000dc   Code   RO         2495    i.im_ble_evt_handler  id_manager.o
    0x00036bf4   0x00000040   Code   RO         2496    i.im_conn_handle_get  id_manager.o
    0x00036c34   0x00000038   Code   RO         2498    i.im_find_duplicate_bonding_data  id_manager.o
    0x00036c6c   0x00000072   Code   RO         2501    i.im_is_duplicate_bonding_data  id_manager.o
    0x00036cde   0x00000018   Code   RO         2502    i.im_master_id_is_valid  id_manager.o
    0x00036cf6   0x0000002a   Code   RO         2503    i.im_master_ids_compare  id_manager.o
    0x00036d20   0x00000014   Code   RO         2504    i.im_new_peer_id    id_manager.o
    0x00036d34   0x0000002c   Code   RO         2505    i.im_peer_free      id_manager.o
    0x00036d60   0x00000024   Code   RO         2506    i.im_peer_id_get_by_conn_handle  id_manager.o
    0x00036d84   0x0000003c   Code   RO         2507    i.im_peer_id_get_by_master_id  id_manager.o
    0x00036dc0   0x00000034   Code   RO         7118    i.init              nrf_fstorage_sd.o
    0x00036df4   0x000000c8   Code   RO         6324    i.init_execute      fds.o
    0x00036ebc   0x00000014   Code   RO         1916    i.instance_get      ble_conn_params.o
    0x00036ed0   0x000000a6   Code   RO         6990    i.int_print         nrf_fprintf_format.o
    0x00036f76   0x00000002   PAD
    0x00036f78   0x00000088   Code   RO         5353    i.interrupts_enable  nrfx_uarte.o
    0x00037000   0x00000034   Code   RO         8113    i.invalid_packets_omit  nrf_log_frontend.o
    0x00037034   0x00000010   Code   RO         7119    i.is_busy           nrf_fstorage_sd.o
    0x00037044   0x00000044   Code   RO         1917    i.is_conn_params_ok  ble_conn_params.o
    0x00037088   0x0000004c   Code   RO         4104    i.is_desc_discovery_reqd  ble_db_discovery.o
    0x000370d4   0x00000014   Code   RO         2512    i.is_valid_irk      id_manager.o
    0x000370e8   0x00000018   Code   RO         3974    i.is_whitelist_used  nrf_ble_scan.o
    0x00037100   0x0000000c   Code   RO         6325    i.is_word_aligned   fds.o
    0x0003710c   0x00000030   Code   RO         1163    i.leds_off          bsp.o
    0x0003713c   0x00000016   Code   RO         2664    i.link_init         nrf_ble_gatt.o
    0x00037152   0x00000002   PAD
    0x00037154   0x000000d0   Code   RO         3779    i.link_secure       security_manager.o
    0x00037224   0x0000000a   Code   RO         3620    i.link_secure_authenticate  security_dispatcher.o
    0x0003722e   0x00000002   PAD
    0x00037230   0x00000068   Code   RO         3621    i.link_secure_central  security_dispatcher.o
    0x00037298   0x00000094   Code   RO         3622    i.link_secure_central_encryption  security_dispatcher.o
    0x0003732c   0x00000032   Code   RO         3623    i.link_secure_failure  security_dispatcher.o
    0x0003735e   0x00000002   PAD
    0x00037360   0x0000002c   Code   RO         3780    i.link_secure_pending_handle  security_manager.o
    0x0003738c   0x000000a8   Code   RO         2241    i.local_db_apply_in_evt  gatt_cache_manager.o
    0x00037434   0x00000010   Code   RO         2242    i.local_db_update   gatt_cache_manager.o
    0x00037444   0x0000010c   Code   RO         2243    i.local_db_update_in_evt  gatt_cache_manager.o
    0x00037550   0x000000a4   Code   RO         8114    i.log_skip          nrf_log_frontend.o
    0x000375f4   0x0000020c   Code   RO           23    i.main              main.o
    0x00037800   0x00000064   Code   RO         1702    i.manuf_specific_data_encode  ble_advdata.o
    0x00037864   0x0000007e   Code   RO         7234    i.memobj_op         nrf_memobj.o
    0x000378e2   0x00000002   PAD
    0x000378e4   0x0000009c   Code   RO           24    i.mflash_delete     main.o
    0x00037980   0x000001b0   Code   RO           25    i.mflash_init       main.o
    0x00037b30   0x000000b4   Code   RO           26    i.mflash_rewrite    main.o
    0x00037be4   0x000000b0   Code   RO           27    i.mflash_write      main.o
    0x00037c94   0x000003b4   Code   RO           28    i.mftms_svc_add     main.o
    0x00038048   0x00000030   Code   RO         8115    i.module_idx_get    nrf_log_frontend.o
    0x00038078   0x00000088   Code   RO           29    i.multi_qwr_conn_handle_assign  main.o
    0x00038100   0x00000008   Code   RO         3567    i.mutex_lock_status_get  pm_buffer.o
    0x00038108   0x0000009c   Code   RO           30    i.my_fds_evt_handler  main.o
    0x000381a4   0x000000a6   Code   RO         1703    i.name_encode       ble_advdata.o
    0x0003824a   0x00000002   PAD
    0x0003824c   0x00000014   Code   RO         3781    i.new_context_get   security_manager.o
    0x00038260   0x00000032   Code   RO         3782    i.new_evt           security_manager.o
    0x00038292   0x00000030   Code   RO         3072    i.next_id_get       peer_id.o
    0x000382c2   0x00000010   Code   RO         6643    i.nrf_atfifo_clear  nrf_atfifo.o
    0x000382d2   0x00000026   Code   RO         6645    i.nrf_atfifo_init   nrf_atfifo.o
    0x000382f8   0x00000016   Code   RO         6646    i.nrf_atfifo_item_alloc  nrf_atfifo.o
    0x0003830e   0x00000016   Code   RO         6647    i.nrf_atfifo_item_free  nrf_atfifo.o
    0x00038324   0x00000016   Code   RO         6648    i.nrf_atfifo_item_get  nrf_atfifo.o
    0x0003833a   0x00000016   Code   RO         6649    i.nrf_atfifo_item_put  nrf_atfifo.o
    0x00038350   0x00000016   Code   RO         6711    i.nrf_atflags_clear  nrf_atflags.o
    0x00038366   0x00000020   Code   RO         6713    i.nrf_atflags_fetch_set  nrf_atflags.o
    0x00038386   0x0000004a   Code   RO         6715    i.nrf_atflags_find_and_set_flag  nrf_atflags.o
    0x000383d0   0x00000016   Code   RO         6716    i.nrf_atflags_get   nrf_atflags.o
    0x000383e6   0x00000014   Code   RO         6718    i.nrf_atflags_set   nrf_atflags.o
    0x000383fa   0x00000006   Code   RO         6779    i.nrf_atomic_flag_clear_fetch  nrf_atomic.o
    0x00038400   0x00000006   Code   RO         6780    i.nrf_atomic_flag_set  nrf_atomic.o
    0x00038406   0x00000006   Code   RO         6781    i.nrf_atomic_flag_set_fetch  nrf_atomic.o
    0x0003840c   0x0000000c   Code   RO         6782    i.nrf_atomic_u32_add  nrf_atomic.o
    0x00038418   0x0000000c   Code   RO         6783    i.nrf_atomic_u32_and  nrf_atomic.o
    0x00038424   0x0000000a   Code   RO         6785    i.nrf_atomic_u32_fetch_add  nrf_atomic.o
    0x0003842e   0x0000000a   Code   RO         6786    i.nrf_atomic_u32_fetch_and  nrf_atomic.o
    0x00038438   0x0000000a   Code   RO         6787    i.nrf_atomic_u32_fetch_or  nrf_atomic.o
    0x00038442   0x0000000a   Code   RO         6788    i.nrf_atomic_u32_fetch_store  nrf_atomic.o
    0x0003844c   0x0000000c   Code   RO         6792    i.nrf_atomic_u32_or  nrf_atomic.o
    0x00038458   0x0000000c   Code   RO         6794    i.nrf_atomic_u32_sub  nrf_atomic.o
    0x00038464   0x00000044   Code   RO         6913    i.nrf_balloc_alloc  nrf_balloc.o
    0x000384a8   0x00000030   Code   RO         6914    i.nrf_balloc_free   nrf_balloc.o
    0x000384d8   0x00000030   Code   RO         6915    i.nrf_balloc_init   nrf_balloc.o
    0x00038508   0x00000010   Code   RO         4799    i.nrf_bitmask_bit_is_set  nrfx_gpiote.o
    0x00038518   0x00000018   Code   RO         2666    i.nrf_ble_gatt_att_mtu_periph_set  nrf_ble_gatt.o
    0x00038530   0x0000002c   Code   RO         2670    i.nrf_ble_gatt_init  nrf_ble_gatt.o
    0x0003855c   0x00000170   Code   RO         2671    i.nrf_ble_gatt_on_ble_evt  nrf_ble_gatt.o
    0x000386cc   0x0000006e   Code   RO         4225    i.nrf_ble_gq_conn_handle_register  nrf_ble_gq.o
    0x0003873a   0x00000002   PAD
    0x0003873c   0x000000a0   Code   RO         4226    i.nrf_ble_gq_item_add  nrf_ble_gq.o
    0x000387dc   0x00000060   Code   RO         4227    i.nrf_ble_gq_on_ble_evt  nrf_ble_gq.o
    0x0003883c   0x00000016   Code   RO         2765    i.nrf_ble_qwr_conn_handle_assign  nrf_ble_qwr.o
    0x00038852   0x00000024   Code   RO         2766    i.nrf_ble_qwr_init  nrf_ble_qwr.o
    0x00038876   0x000000b6   Code   RO         2767    i.nrf_ble_qwr_on_ble_evt  nrf_ble_qwr.o
    0x0003892c   0x00000050   Code   RO         3976    i.nrf_ble_scan_connect_with_target  nrf_ble_scan.o
    0x0003897c   0x00000014   Code   RO         3978    i.nrf_ble_scan_default_conn_param_set  nrf_ble_scan.o
    0x00038990   0x00000020   Code   RO         3979    i.nrf_ble_scan_default_param_set  nrf_ble_scan.o
    0x000389b0   0x00000070   Code   RO         3984    i.nrf_ble_scan_init  nrf_ble_scan.o
    0x00038a20   0x0000014a   Code   RO         3985    i.nrf_ble_scan_on_adv_report  nrf_ble_scan.o
    0x00038b6a   0x00000080   Code   RO         3986    i.nrf_ble_scan_on_ble_evt  nrf_ble_scan.o
    0x00038bea   0x00000002   PAD
    0x00038bec   0x00000088   Code   RO         3988    i.nrf_ble_scan_start  nrf_ble_scan.o
    0x00038c74   0x00000004   Code   RO         3989    i.nrf_ble_scan_stop  nrf_ble_scan.o
    0x00038c78   0x00000068   Code   RO         4604    i.nrf_drv_uart_init  nrf_drv_uart.o
    0x00038ce0   0x00000020   Code   RO         7609    i.nrf_drv_uart_rx   app_uart_fifo.o
    0x00038d00   0x00000020   Code   RO         7610    i.nrf_drv_uart_tx   app_uart_fifo.o
    0x00038d20   0x0000001a   Code   RO         6950    i.nrf_fprintf       nrf_fprintf.o
    0x00038d3a   0x00000018   Code   RO         6951    i.nrf_fprintf_buffer_flush  nrf_fprintf.o
    0x00038d52   0x000001da   Code   RO         6991    i.nrf_fprintf_fmt   nrf_fprintf_format.o
    0x00038f2c   0x00000138   Code   RO         7031    i.nrf_fstorage_erase  nrf_fstorage.o
    0x00039064   0x00000094   Code   RO         7032    i.nrf_fstorage_init  nrf_fstorage.o
    0x000390f8   0x00000018   Code   RO         7120    i.nrf_fstorage_sdh_req_handler  nrf_fstorage_sd.o
    0x00039110   0x00000020   Code   RO         7121    i.nrf_fstorage_sdh_state_handler  nrf_fstorage_sd.o
    0x00039130   0x000000a4   Code   RO         7122    i.nrf_fstorage_sys_evt_handler  nrf_fstorage_sd.o
    0x000391d4   0x000001dc   Code   RO         7038    i.nrf_fstorage_write  nrf_fstorage.o
    0x000393b0   0x00000024   Code   RO         5161    i.nrf_gpio_cfg      nrfx_uart.o
    0x000393d4   0x00000024   Code   RO         5354    i.nrf_gpio_cfg      nrfx_uarte.o
    0x000393f8   0x00000012   Code   RO         5163    i.nrf_gpio_cfg_input  nrfx_uart.o
    0x0003940a   0x00000012   Code   RO         5356    i.nrf_gpio_cfg_input  nrfx_uarte.o
    0x0003941c   0x00000014   Code   RO         5164    i.nrf_gpio_cfg_output  nrfx_uart.o
    0x00039430   0x00000014   Code   RO         5357    i.nrf_gpio_cfg_output  nrfx_uarte.o
    0x00039444   0x00000022   Code   RO         4802    i.nrf_gpio_cfg_sense_set  nrfx_gpiote.o
    0x00039466   0x00000002   PAD
    0x00039468   0x0000002c   Code   RO         4803    i.nrf_gpio_latches_read_and_clear  nrfx_gpiote.o
    0x00039494   0x00000016   Code   RO         1026    i.nrf_gpio_pin_write  boards.o
    0x000394aa   0x00000002   PAD
    0x000394ac   0x00000014   Code   RO         4805    i.nrf_gpiote_event_clear  nrfx_gpiote.o
    0x000394c0   0x00000010   Code   RO         4806    i.nrf_gpiote_event_is_set  nrfx_gpiote.o
    0x000394d0   0x0000005c   Code   RO         8116    i.nrf_log_backend_add  nrf_log_frontend.o
    0x0003952c   0x00000002   Code   RO         7953    i.nrf_log_backend_rtt_flush  nrf_log_backend_rtt.o
    0x0003952e   0x00000004   Code   RO         7954    i.nrf_log_backend_rtt_init  nrf_log_backend_rtt.o
    0x00039532   0x00000002   Code   RO         7955    i.nrf_log_backend_rtt_panic_set  nrf_log_backend_rtt.o
    0x00039534   0x00000018   Code   RO         7956    i.nrf_log_backend_rtt_put  nrf_log_backend_rtt.o
    0x0003954c   0x000000c8   Code   RO         8022    i.nrf_log_backend_serial_put  nrf_log_backend_serial.o
    0x00039614   0x00000030   Code   RO         8118    i.nrf_log_color_id_get  nrf_log_frontend.o
    0x00039644   0x0000001c   Code   RO         8074    i.nrf_log_default_backends_init  nrf_log_default_backends.o
    0x00039660   0x00000238   Code   RO         8119    i.nrf_log_frontend_dequeue  nrf_log_frontend.o
    0x00039898   0x000000a8   Code   RO         8120    i.nrf_log_frontend_hexdump  nrf_log_frontend.o
    0x00039940   0x00000008   Code   RO         8121    i.nrf_log_frontend_std_0  nrf_log_frontend.o
    0x00039948   0x0000000e   Code   RO         8122    i.nrf_log_frontend_std_1  nrf_log_frontend.o
    0x00039956   0x00000010   Code   RO         8123    i.nrf_log_frontend_std_2  nrf_log_frontend.o
    0x00039966   0x00000012   Code   RO         8124    i.nrf_log_frontend_std_3  nrf_log_frontend.o
    0x00039978   0x000000b0   Code   RO         8297    i.nrf_log_hexdump_entry_process  nrf_log_str_formatter.o
    0x00039a28   0x00000028   Code   RO         8128    i.nrf_log_init      nrf_log_frontend.o
    0x00039a50   0x00000014   Code   RO         8129    i.nrf_log_module_cnt_get  nrf_log_frontend.o
    0x00039a64   0x0000001c   Code   RO         8132    i.nrf_log_module_name_get  nrf_log_frontend.o
    0x00039a80   0x00000028   Code   RO         8133    i.nrf_log_panic     nrf_log_frontend.o
    0x00039aa8   0x000000b6   Code   RO         8298    i.nrf_log_std_entry_process  nrf_log_str_formatter.o
    0x00039b5e   0x00000060   Code   RO         7235    i.nrf_memobj_alloc  nrf_memobj.o
    0x00039bbe   0x00000032   Code   RO         7236    i.nrf_memobj_free   nrf_memobj.o
    0x00039bf0   0x00000008   Code   RO         7237    i.nrf_memobj_get    nrf_memobj.o
    0x00039bf8   0x00000004   Code   RO         7238    i.nrf_memobj_pool_init  nrf_memobj.o
    0x00039bfc   0x0000001e   Code   RO         7239    i.nrf_memobj_put    nrf_memobj.o
    0x00039c1a   0x00000010   Code   RO         7240    i.nrf_memobj_read   nrf_memobj.o
    0x00039c2a   0x00000010   Code   RO         7241    i.nrf_memobj_write  nrf_memobj.o
    0x00039c3a   0x00000002   PAD
    0x00039c3c   0x00000028   Code   RO         7313    i.nrf_pwr_mgmt_init  nrf_pwr_mgmt.o
    0x00039c64   0x00000044   Code   RO         7314    i.nrf_pwr_mgmt_run  nrf_pwr_mgmt.o
    0x00039ca8   0x0000008e   Code   RO         7774    i.nrf_queue_generic_pop  nrf_queue.o
    0x00039d36   0x00000012   Code   RO         7776    i.nrf_queue_is_empty  nrf_queue.o
    0x00039d48   0x0000001e   Code   RO         7777    i.nrf_queue_is_full  nrf_queue.o
    0x00039d66   0x0000000e   Code   RO         7780    i.nrf_queue_next_idx  nrf_queue.o
    0x00039d74   0x000000b2   Code   RO         7782    i.nrf_queue_push    nrf_queue.o
    0x00039e26   0x00000004   Code   RO           31    i.nrf_qwr_error_handler  main.o
    0x00039e2a   0x0000001c   Code   RO         7390    i.nrf_ringbuf_init  nrf_ringbuf.o
    0x00039e46   0x0000000c   Code   RO         6144    i.nrf_rtc_event_clear  drv_rtc.o
    0x00039e52   0x00000002   PAD
    0x00039e54   0x00000068   Code   RO         8825    i.nrf_sdh_ant_enable  nrf_sdh_ant.o
    0x00039ebc   0x00000058   Code   RO         8826    i.nrf_sdh_ant_evts_poll  nrf_sdh_ant.o
    0x00039f14   0x00000014   Code   RO         8868    i.nrf_sdh_ble_app_ram_start_get  nrf_sdh_ble.o
    0x00039f28   0x00000134   Code   RO         8869    i.nrf_sdh_ble_default_cfg_set  nrf_sdh_ble.o
    0x0003a05c   0x00000130   Code   RO         8870    i.nrf_sdh_ble_enable  nrf_sdh_ble.o
    0x0003a18c   0x0000005c   Code   RO         8871    i.nrf_sdh_ble_evts_poll  nrf_sdh_ble.o
    0x0003a1e8   0x00000054   Code   RO         8706    i.nrf_sdh_disable_request  nrf_sdh.o
    0x0003a23c   0x0000009c   Code   RO         8707    i.nrf_sdh_enable_request  nrf_sdh.o
    0x0003a2d8   0x00000024   Code   RO         8708    i.nrf_sdh_evts_poll  nrf_sdh.o
    0x0003a2fc   0x0000000c   Code   RO         8709    i.nrf_sdh_is_enabled  nrf_sdh.o
    0x0003a308   0x0000001c   Code   RO         8711    i.nrf_sdh_request_continue  nrf_sdh.o
    0x0003a324   0x0000003c   Code   RO         8922    i.nrf_sdh_soc_evts_poll  nrf_sdh_soc.o
    0x0003a360   0x0000000a   Code   RO         7448    i.nrf_section_iter_init  nrf_section_iter.o
    0x0003a36a   0x00000024   Code   RO         7449    i.nrf_section_iter_item_set  nrf_section_iter.o
    0x0003a38e   0x00000020   Code   RO         7450    i.nrf_section_iter_next  nrf_section_iter.o
    0x0003a3ae   0x00000022   Code   RO         7483    i.nrf_sortlist_add  nrf_sortlist.o
    0x0003a3d0   0x00000006   Code   RO         7485    i.nrf_sortlist_peek  nrf_sortlist.o
    0x0003a3d6   0x0000000e   Code   RO         7486    i.nrf_sortlist_pop  nrf_sortlist.o
    0x0003a3e4   0x0000001e   Code   RO         7487    i.nrf_sortlist_remove  nrf_sortlist.o
    0x0003a402   0x00000002   PAD
    0x0003a404   0x00000038   Code   RO         7539    i.nrf_strerror_find  nrf_strerror.o
    0x0003a43c   0x00000014   Code   RO         7540    i.nrf_strerror_get  nrf_strerror.o
    0x0003a450   0x0000000c   Code   RO         5513    i.nrf_timer_event_clear  nrfx_timer.o
    0x0003a45c   0x0000000a   Code   RO         5165    i.nrf_uart_event_check  nrfx_uart.o
    0x0003a466   0x0000000c   Code   RO         5166    i.nrf_uart_event_clear  nrfx_uart.o
    0x0003a472   0x0000000c   Code   RO         5167    i.nrf_uart_int_enable_check  nrfx_uart.o
    0x0003a47e   0x0000000a   Code   RO         5358    i.nrf_uarte_event_check  nrfx_uarte.o
    0x0003a488   0x0000000c   Code   RO         5359    i.nrf_uarte_event_clear  nrfx_uarte.o
    0x0003a494   0x00000010   Code   RO         6145    i.nrfx_coredep_delay_us  drv_rtc.o
    0x0003a4a4   0x00000010   Code   RO         5360    i.nrfx_is_in_ram    nrfx_uarte.o
    0x0003a4b4   0x0000003a   Code   RO         5107    i.nrfx_prs_acquire  nrfx_prs.o
    0x0003a4ee   0x00000002   PAD
    0x0003a4f0   0x00000010   Code   RO         5168    i.nrfx_uart_0_irq_handler  nrfx_uart.o
    0x0003a500   0x000000d4   Code   RO         5170    i.nrfx_uart_init    nrfx_uart.o
    0x0003a5d4   0x000000ec   Code   RO         5171    i.nrfx_uart_rx      nrfx_uart.o
    0x0003a6c0   0x000000a8   Code   RO         5176    i.nrfx_uart_tx      nrfx_uart.o
    0x0003a768   0x00000020   Code   RO         5178    i.nrfx_uart_tx_in_progress  nrfx_uart.o
    0x0003a788   0x00000010   Code   RO         5361    i.nrfx_uarte_0_irq_handler  nrfx_uarte.o
    0x0003a798   0x0000006c   Code   RO         5363    i.nrfx_uarte_init   nrfx_uarte.o
    0x0003a804   0x00000104   Code   RO         5364    i.nrfx_uarte_rx     nrfx_uarte.o
    0x0003a908   0x000000ac   Code   RO         5367    i.nrfx_uarte_tx     nrfx_uarte.o
    0x0003a9b4   0x0000001c   Code   RO         5369    i.nrfx_uarte_tx_in_progress  nrfx_uarte.o
    0x0003a9d0   0x00000040   Code   RO           32    i.nus_data_handler  main.o
    0x0003aa10   0x000002ec   Code   RO           33    i.on_ble_central_evt  main.o
    0x0003acfc   0x000001b4   Code   RO           34    i.on_ble_peripheral_evt  main.o
    0x0003aeb0   0x00000138   Code   RO         4105    i.on_characteristic_discovery_rsp  ble_db_discovery.o
    0x0003afe8   0x0000006a   Code   RO         4460    i.on_connect        ble_nus_domyos.o
    0x0003b052   0x00000002   PAD
    0x0003b054   0x000000a8   Code   RO         2672    i.on_connected_evt  nrf_ble_gatt.o
    0x0003b0fc   0x000000da   Code   RO         4106    i.on_descriptor_discovery_rsp  ble_db_discovery.o
    0x0003b1d6   0x00000002   PAD
    0x0003b1d8   0x000000ac   Code   RO         2673    i.on_exchange_mtu_request_evt  nrf_ble_gatt.o
    0x0003b284   0x00000072   Code   RO         4534    i.on_hvx            ble_hrs_c.o
    0x0003b2f6   0x00000002   PAD
    0x0003b2f8   0x000000c0   Code   RO         4107    i.on_primary_srv_discovery_rsp  ble_db_discovery.o
    0x0003b3b8   0x0000009c   Code   RO         4108    i.on_srv_disc_completion  ble_db_discovery.o
    0x0003b454   0x00000084   Code   RO         4461    i.on_write          ble_nus_domyos.o
    0x0003b4d8   0x00000344   Code   RO         9047    i.on_write          ble_ftms.lib(ble_ftms.o)
    0x0003b81c   0x00000024   Code   RO         6326    i.page_identify     fds.o
    0x0003b840   0x0000001c   Code   RO         6327    i.page_offsets_update  fds.o
    0x0003b85c   0x0000006c   Code   RO         6328    i.page_scan         fds.o
    0x0003b8c8   0x0000001c   Code   RO         6329    i.page_tag_write_data  fds.o
    0x0003b8e4   0x00000024   Code   RO         6330    i.page_tag_write_swap  fds.o
    0x0003b908   0x00000130   Code   RO         6331    i.pages_init        fds.o
    0x0003ba38   0x0000000c   Code   RO         3624    i.pairing           security_dispatcher.o
    0x0003ba44   0x00000074   Code   RO         3625    i.pairing_failure   security_dispatcher.o
    0x0003bab8   0x0000002e   Code   RO         3626    i.pairing_success_evt_send  security_dispatcher.o
    0x0003bae6   0x00000006   Code   RO         3783    i.params_reply_pending_handle  security_manager.o
    0x0003baec   0x00000020   Code   RO         3784    i.params_req_send   security_manager.o
    0x0003bb0c   0x0000001c   Code   RO         2952    i.pdb_evt_send      peer_database.o
    0x0003bb28   0x0000007c   Code   RO         2954    i.pdb_pds_evt_handler  peer_database.o
    0x0003bba4   0x00000006   Code   RO         2955    i.pdb_peer_data_ptr_get  peer_database.o
    0x0003bbaa   0x00000002   PAD
    0x0003bbac   0x0000008c   Code   RO         2956    i.pdb_peer_free     peer_database.o
    0x0003bc38   0x000000dc   Code   RO         2957    i.pdb_write_buf_get  peer_database.o
    0x0003bd14   0x00000014   Code   RO         2958    i.pdb_write_buf_release  peer_database.o
    0x0003bd28   0x00000036   Code   RO         2959    i.pdb_write_buf_store  peer_database.o
    0x0003bd5e   0x00000002   PAD
    0x0003bd60   0x00000010   Code   RO         2811    i.pds_evt_send      peer_data_storage.o
    0x0003bd70   0x00000004   Code   RO         2813    i.pds_next_deleted_peer_id_get  peer_data_storage.o
    0x0003bd74   0x00000004   Code   RO         2814    i.pds_next_peer_id_get  peer_data_storage.o
    0x0003bd78   0x00000058   Code   RO         2817    i.pds_peer_data_iterate  peer_data_storage.o
    0x0003bdd0   0x00000010   Code   RO         2818    i.pds_peer_data_iterate_prepare  peer_data_storage.o
    0x0003bde0   0x00000072   Code   RO         2819    i.pds_peer_data_read  peer_data_storage.o
    0x0003be52   0x00000002   PAD
    0x0003be54   0x000000b4   Code   RO         2820    i.pds_peer_data_store  peer_data_storage.o
    0x0003bf08   0x00000008   Code   RO         2821    i.pds_peer_id_allocate  peer_data_storage.o
    0x0003bf10   0x00000016   Code   RO         2822    i.pds_peer_id_free  peer_data_storage.o
    0x0003bf26   0x00000004   Code   RO         2823    i.pds_peer_id_is_allocated  peer_data_storage.o
    0x0003bf2a   0x00000002   PAD
    0x0003bf2c   0x000000a8   Code   RO         2825    i.peer_data_delete_process  peer_data_storage.o
    0x0003bfd4   0x00000030   Code   RO         2826    i.peer_data_find    peer_data_storage.o
    0x0003c004   0x00000024   Code   RO         2827    i.peer_data_id_is_valid  peer_data_storage.o
    0x0003c028   0x0000001a   Code   RO         2960    i.peer_data_point_to_buffer  peer_database.o
    0x0003c042   0x00000002   PAD
    0x0003c044   0x0000000c   Code   RO         3073    i.peer_id_allocate  peer_id.o
    0x0003c050   0x00000024   Code   RO         3074    i.peer_id_delete    peer_id.o
    0x0003c074   0x0000001c   Code   RO         3075    i.peer_id_free      peer_id.o
    0x0003c090   0x0000000c   Code   RO         3076    i.peer_id_get_next_deleted  peer_id.o
    0x0003c09c   0x00000030   Code   RO         3077    i.peer_id_get_next_used  peer_id.o
    0x0003c0cc   0x00000014   Code   RO         3079    i.peer_id_is_allocated  peer_id.o
    0x0003c0e0   0x00000014   Code   RO         3080    i.peer_id_is_deleted  peer_id.o
    0x0003c0f4   0x00000064   Code   RO         3568    i.pm_buffer_block_acquire  pm_buffer.o
    0x0003c158   0x00000028   Code   RO         3570    i.pm_buffer_ptr_get  pm_buffer.o
    0x0003c180   0x00000032   Code   RO         3571    i.pm_buffer_release  pm_buffer.o
    0x0003c1b2   0x00000004   Code   RO         3170    i.pm_gcm_evt_handler  peer_manager.o
    0x0003c1b6   0x00000004   Code   RO         3171    i.pm_gscm_evt_handler  peer_manager.o
    0x0003c1ba   0x00000004   Code   RO         3174    i.pm_im_evt_handler  peer_manager.o
    0x0003c1be   0x00000002   PAD
    0x0003c1c0   0x00000118   Code   RO         3179    i.pm_pdb_evt_handler  peer_manager.o
    0x0003c2d8   0x000000e8   Code   RO         3195    i.pm_peer_ranks_get  peer_manager.o
    0x0003c3c0   0x0000000a   Code   RO         3202    i.pm_sm_evt_handler  peer_manager.o
    0x0003c3ca   0x00000034   Code   RO         4325    i.pnp_id_encode     ble_dis.o
    0x0003c3fe   0x00000002   PAD
    0x0003c400   0x000000b4   Code   RO         4839    i.port_event_handle  nrfx_gpiote.o
    0x0003c4b4   0x00000010   Code   RO         4840    i.port_handler_polarity_get  nrfx_gpiote.o
    0x0003c4c4   0x0000003c   Code   RO         8300    i.postfix_process   nrf_log_str_formatter.o
    0x0003c500   0x00000098   Code   RO         8301    i.prefix_process    nrf_log_str_formatter.o
    0x0003c598   0x00000018   Code   RO         5109    i.prs_box_get       nrfx_prs.o
    0x0003c5b0   0x0000001c   Code   RO         6332    i.queue_buf_get     fds.o
    0x0003c5cc   0x00000010   Code   RO         6333    i.queue_buf_store   fds.o
    0x0003c5dc   0x00000014   Code   RO         7123    i.queue_free        nrf_fstorage_sd.o
    0x0003c5f0   0x00000118   Code   RO         4228    i.queue_process     nrf_ble_gq.o
    0x0003c708   0x000000a4   Code   RO         6334    i.queue_process     fds.o
    0x0003c7ac   0x000000a0   Code   RO         7124    i.queue_process     nrf_fstorage_sd.o
    0x0003c84c   0x0000001c   Code   RO         6335    i.queue_start       fds.o
    0x0003c868   0x00000024   Code   RO         7125    i.queue_start       nrf_fstorage_sd.o
    0x0003c88c   0x00000018   Code   RO         7788    i.queue_utilization_get  nrf_queue.o
    0x0003c8a4   0x00000058   Code   RO         4229    i.queues_purge      nrf_ble_gq.o
    0x0003c8fc   0x00000034   Code   RO         3205    i.rank_vars_update  peer_manager.o
    0x0003c930   0x0000000e   Code   RO         7126    i.read              nrf_fstorage_sd.o
    0x0003c93e   0x00000002   PAD
    0x0003c940   0x000000ac   Code   RO         2961    i.reattempt_previous_operations  peer_database.o
    0x0003c9ec   0x00000090   Code   RO         6336    i.record_find       fds.o
    0x0003ca7c   0x000000a0   Code   RO         6337    i.record_find_by_desc  fds.o
    0x0003cb1c   0x0000005c   Code   RO         6338    i.record_find_next  fds.o
    0x0003cb78   0x0000003c   Code   RO         6339    i.record_header_flag_dirty  fds.o
    0x0003cbb4   0x00000038   Code   RO         4109    i.registered_handler_get  ble_db_discovery.o
    0x0003cbec   0x00000010   Code   RO         3082    i.release           peer_id.o
    0x0003cbfc   0x00000048   Code   RO         4230    i.request_err_code_handle  nrf_ble_gq.o
    0x0003cc44   0x000000b4   Code   RO         4231    i.request_process   nrf_ble_gq.o
    0x0003ccf8   0x00000004   Code   RO         7127    i.rmap              nrf_fstorage_sd.o
    0x0003ccfc   0x0000005c   Code   RO         5897    i.rtc_irq           app_timer2.o
    0x0003cd58   0x00000064   Code   RO         5898    i.rtc_schedule      app_timer2.o
    0x0003cdbc   0x00000074   Code   RO         5899    i.rtc_update        app_timer2.o
    0x0003ce30   0x00000032   Code   RO         5180    i.rx_byte           nrfx_uart.o
    0x0003ce62   0x00000002   PAD
    0x0003ce64   0x000000b8   Code   RO         4462    i.rx_char_add       ble_nus_domyos.o
    0x0003cf1c   0x00000016   Code   RO         5181    i.rx_done_event     nrfx_uart.o
    0x0003cf32   0x00000016   Code   RO         5371    i.rx_done_event     nrfx_uarte.o
    0x0003cf48   0x00000020   Code   RO         5182    i.rx_enable         nrfx_uart.o
    0x0003cf68   0x00000024   Code   RO         2244    i.sc_send_pending_handle  gatt_cache_manager.o
    0x0003cf8c   0x00000060   Code   RO           35    i.scan_evt_handler  main.o
    0x0003cfec   0x00000048   Code   RO           36    i.scan_start        main.o
    0x0003d034   0x00000030   Code   RO         8714    i.sdh_request_observer_notify  nrf_sdh.o
    0x0003d064   0x0000002c   Code   RO         8715    i.sdh_state_observer_notify  nrf_sdh.o
    0x0003d090   0x000000d8   Code   RO         3627    i.sec_info_request_process  security_dispatcher.o
    0x0003d168   0x000000f4   Code   RO         3628    i.sec_keyset_fill   security_dispatcher.o
    0x0003d25c   0x00000060   Code   RO         3629    i.sec_proc_start    security_dispatcher.o
    0x0003d2bc   0x0000000c   Code   RO         3630    i.sec_procedure     security_dispatcher.o
    0x0003d2c8   0x0000005c   Code   RO         3786    i.sec_req_process   security_manager.o
    0x0003d324   0x00000022   Code   RO         3631    i.send_config_req   security_dispatcher.o
    0x0003d346   0x00000002   PAD
    0x0003d348   0x00000010   Code   RO         1918    i.send_error_evt    ble_conn_params.o
    0x0003d358   0x00000028   Code   RO         2245    i.send_unexpected_error  gatt_cache_manager.o
    0x0003d380   0x00000028   Code   RO         3632    i.send_unexpected_error  security_dispatcher.o
    0x0003d3a8   0x00000050   Code   RO         7957    i.serial_tx         nrf_log_backend_rtt.o
    0x0003d3f8   0x00000014   Code   RO         2246    i.service_changed_pending_flags_check  gatt_cache_manager.o
    0x0003d40c   0x00000094   Code   RO         2405    i.service_changed_pending_set  gatts_cache_manager.o
    0x0003d4a0   0x00000168   Code   RO         2247    i.service_changed_send_in_evt  gatt_cache_manager.o
    0x0003d608   0x00000088   Code   RO         1704    i.service_data_encode  ble_advdata.o
    0x0003d690   0x00000004   Code   RO           37    i.service_error_handler  main.o
    0x0003d694   0x00000138   Code   RO           38    i.services_init     main.o
    0x0003d7cc   0x00000030   Code   RO         2174    i.set_security_req  ble_srv_common.o
    0x0003d7fc   0x0000002c   Code   RO         3787    i.sm_ble_evt_handler  security_manager.o
    0x0003d828   0x000000a2   Code   RO         3789    i.sm_conn_sec_status_get  security_manager.o
    0x0003d8ca   0x00000002   PAD
    0x0003d8cc   0x00000044   Code   RO         3793    i.sm_pdb_evt_handler  security_manager.o
    0x0003d910   0x00000028   Code   RO         3794    i.sm_sec_is_sufficient  security_manager.o
    0x0003d938   0x0000002c   Code   RO         3797    i.sm_smd_evt_handler  security_manager.o
    0x0003d964   0x00000118   Code   RO         3633    i.smd_ble_evt_handler  security_dispatcher.o
    0x0003da7c   0x0000003a   Code   RO         3636    i.smd_link_secure   security_dispatcher.o
    0x0003dab6   0x00000002   PAD
    0x0003dab8   0x000000ac   Code   RO         3637    i.smd_params_reply  security_dispatcher.o
    0x0003db64   0x00000040   Code   RO         3798    i.smd_params_reply_perform  security_manager.o
    0x0003dba4   0x00000040   Code   RO         8716    i.softdevice_evt_irq_disable  nrf_sdh.o
    0x0003dbe4   0x00000058   Code   RO         8717    i.softdevices_evt_irq_enable  nrf_sdh.o
    0x0003dc3c   0x0000000c   Code   RO         5900    i.sortlist_pop      app_timer2.o
    0x0003dc48   0x00000094   Code   RO         8135    i.std_n             nrf_log_frontend.o
    0x0003dcdc   0x0000006c   Code   RO         2248    i.store_car_value   gatt_cache_manager.o
    0x0003dd48   0x00000042   Code   RO         4326    i.sys_id_encode     ble_dis.o
    0x0003dd8a   0x00000002   PAD
    0x0003dd8c   0x00000044   Code   RO           39    i.system_reset_after_ms  main.o
    0x0003ddd0   0x000003ac   Code   RO           40    i.timer_500ms_running_handler  main.o
    0x0003e17c   0x00000058   Code   RO         5901    i.timer_expire      app_timer2.o
    0x0003e1d4   0x00000078   Code   RO         5902    i.timer_req_process  app_timer2.o
    0x0003e24c   0x00000038   Code   RO         5903    i.timer_req_schedule  app_timer2.o
    0x0003e284   0x0000002c   Code   RO          834    i.timer_send_cmd_after_nus_handler  my_uart.o
    0x0003e2b0   0x00000024   Code   RO           41    i.timer_system_reset_delay_handler  main.o
    0x0003e2d4   0x00000070   Code   RO          835    i.timer_uart_rx_end_handler  my_uart.o
    0x0003e344   0x00000078   Code   RO          836    i.timer_uart_send_handler  my_uart.o
    0x0003e3bc   0x00000020   Code   RO         5183    i.tx_byte           nrfx_uart.o
    0x0003e3dc   0x000000f0   Code   RO         4463    i.tx_char_add       ble_nus_domyos.o
    0x0003e4cc   0x0000001a   Code   RO         5184    i.tx_done_event     nrfx_uart.o
    0x0003e4e6   0x0000001a   Code   RO         5372    i.tx_done_event     nrfx_uarte.o
    0x0003e500   0x00000020   Code   RO          837    i.uart_auto_hold    my_uart.o
    0x0003e520   0x00000010   Code   RO          838    i.uart_conn_sta_changed  my_uart.o
    0x0003e530   0x000000cc   Code   RO          839    i.uart_event_handle  my_uart.o
    0x0003e5fc   0x000000a4   Code   RO         7611    i.uart_event_handler  app_uart_fifo.o
    0x0003e6a0   0x00000030   Code   RO         4605    i.uart_evt_handler  nrf_drv_uart.o
    0x0003e6d0   0x0000000c   Code   RO          840    i.uart_has_hr_recv  my_uart.o
    0x0003e6dc   0x000000c8   Code   RO          841    i.uart_init         my_uart.o
    0x0003e7a4   0x0000012a   Code   RO         5185    i.uart_irq_handler  nrfx_uart.o
    0x0003e8ce   0x00000026   Code   RO          842    i.uart_send_array   my_uart.o
    0x0003e8f4   0x00000028   Code   RO          843    i.uart_send_cmd_after_nus_write  my_uart.o
    0x0003e91c   0x0000004c   Code   RO          844    i.uart_send_conn_sta  my_uart.o
    0x0003e968   0x0000005c   Code   RO          845    i.uart_send_hr      my_uart.o
    0x0003e9c4   0x00000030   Code   RO         4606    i.uarte_evt_handler  nrf_drv_uart.o
    0x0003e9f4   0x00000112   Code   RO         5373    i.uarte_irq_handler  nrfx_uarte.o
    0x0003eb06   0x0000000a   Code   RO         1705    i.uint16_encode     ble_advdata.o
    0x0003eb10   0x0000000a   Code   RO         9048    i.uint16_encode     ble_ftms.lib(ble_ftms.o)
    0x0003eb1a   0x0000000e   Code   RO         9049    i.uint24_encode     ble_ftms.lib(ble_ftms.o)
    0x0003eb28   0x00000012   Code   RO          846    i.uint32_encode     my_uart.o
    0x0003eb3a   0x00000002   PAD
    0x0003eb3c   0x00000020   Code   RO         7128    i.uninit            nrf_fstorage_sd.o
    0x0003eb5c   0x000000b4   Code   RO         6992    i.unsigned_print    nrf_fprintf_format.o
    0x0003ec10   0x00000030   Code   RO         2249    i.update_pending_flags_check  gatt_cache_manager.o
    0x0003ec40   0x00000068   Code   RO         1919    i.update_timeout_handler  ble_conn_params.o
    0x0003eca8   0x0000000c   Code   RO         2009    i.user_flag_is_acquired  ble_conn_state.o
    0x0003ecb4   0x00000024   Code   RO         2768    i.user_mem_reply    nrf_ble_qwr.o
    0x0003ecd8   0x00000030   Code   RO         1706    i.uuid_list_encode  ble_advdata.o
    0x0003ed08   0x0000009e   Code   RO         1707    i.uuid_list_sized_encode  ble_advdata.o
    0x0003eda6   0x00000004   Code   RO         7129    i.wmap              nrf_fstorage_sd.o
    0x0003edaa   0x00000002   PAD
    0x0003edac   0x00000050   Code   RO         7130    i.write             nrf_fstorage_sd.o
    0x0003edfc   0x0000014c   Code   RO         2962    i.write_buf_store   peer_database.o
    0x0003ef48   0x00000034   Code   RO         2963    i.write_buffer_record_find  peer_database.o
    0x0003ef7c   0x00000030   Code   RO         2964    i.write_buffer_record_find_next  peer_database.o
    0x0003efac   0x0000001c   Code   RO         2965    i.write_buffer_record_invalidate  peer_database.o
    0x0003efc8   0x0000002c   Code   RO         2966    i.write_buffer_record_release  peer_database.o
    0x0003eff4   0x000000f4   Code   RO         6341    i.write_enqueue     fds.o
    0x0003f0e8   0x000000f8   Code   RO         6342    i.write_execute     fds.o
    0x0003f1e0   0x00000018   Code   RO         6343    i.write_space_free  fds.o
    0x0003f1f8   0x00000060   Code   RO         6344    i.write_space_reserve  fds.o
    0x0003f258   0x0000002c   Data   RO           49    .constdata          main.o
    0x0003f284   0x00000014   Data   RO           50    .constdata          main.o
    0x0003f298   0x0000006a   Data   RO          664    .constdata          dkn_cmd.o
    0x0003f302   0x00000002   PAD
    0x0003f304   0x00000024   Data   RO          851    .constdata          my_uart.o
    0x0003f328   0x00000008   Data   RO         1027    .constdata          boards.o
    0x0003f330   0x0000002c   Data   RO         1170    .constdata          bsp.o
    0x0003f35c   0x0000006c   Data   RO         2250    .constdata          gatt_cache_manager.o
    0x0003f3c8   0x00000004   Data   RO         2406    .constdata          gatts_cache_manager.o
    0x0003f3cc   0x00000010   Data   RO         2407    .constdata          gatts_cache_manager.o
    0x0003f3dc   0x00000004   Data   RO         2408    .constdata          gatts_cache_manager.o
    0x0003f3e0   0x00000008   Data   RO         2515    .constdata          id_manager.o
    0x0003f3e8   0x00000016   Data   RO         2674    .constdata          nrf_ble_gatt.o
    0x0003f3fe   0x00000002   PAD
    0x0003f400   0x00000018   Data   RO         2828    .constdata          peer_data_storage.o
    0x0003f418   0x00000010   Data   RO         2968    .constdata          peer_database.o
    0x0003f428   0x0000008c   Data   RO         3639    .constdata          security_dispatcher.o
    0x0003f4b4   0x00000008   Data   RO         3799    .constdata          security_manager.o
    0x0003f4bc   0x0000007c   Data   RO         4111    .constdata          ble_db_discovery.o
    0x0003f538   0x00000018   Data   RO         4232    .constdata          nrf_ble_gq.o
    0x0003f550   0x00000030   Data   RO         4464    .constdata          ble_nus_domyos.o
    0x0003f580   0x00000004   Data   RO         4842    .constdata          nrfx_gpiote.o
    0x0003f584   0x00000004   Data   RO         5188    .constdata          nrfx_uart.o
    0x0003f588   0x00000004   Data   RO         5376    .constdata          nrfx_uarte.o
    0x0003f58c   0x00000014   Data   RO         5906    .constdata          app_timer2.o
    0x0003f5a0   0x00000006   Data   RO         6146    .constdata          drv_rtc.o
    0x0003f5a6   0x00000002   PAD
    0x0003f5a8   0x00000018   Data   RO         6347    .constdata          fds.o
    0x0003f5c0   0x00000010   Data   RO         6993    .constdata          nrf_fprintf_format.o
    0x0003f5d0   0x0000005e   Data   RO         7039    .constdata          nrf_fstorage.o
    0x0003f62e   0x00000002   PAD
    0x0003f630   0x00000010   Data   RO         7133    .constdata          nrf_fstorage_sd.o
    0x0003f640   0x00000020   Data   RO         7134    .constdata          nrf_fstorage_sd.o
    0x0003f660   0x00000018   Data   RO         7318    .constdata          nrf_pwr_mgmt.o
    0x0003f678   0x0000000c   Data   RO         7319    .constdata          nrf_pwr_mgmt.o
    0x0003f684   0x0000013c   Data   RO         7541    .constdata          nrf_strerror.o
    0x0003f7c0   0x00000020   Data   RO         7613    .constdata          app_uart_fifo.o
    0x0003f7e0   0x0000000c   Data   RO         7959    .constdata          nrf_log_backend_rtt.o
    0x0003f7ec   0x00000004   PAD
    0x0003f7f0   0x00000006   Data   RO         7960    .constdata          nrf_log_backend_rtt.o
    0x0003f7f6   0x00000002   PAD
    0x0003f7f8   0x0000000c   Data   RO         8140    .constdata          nrf_log_frontend.o
    0x0003f804   0x00000010   Data   RO         8718    .constdata          nrf_sdh.o
    0x0003f814   0x00000028   Data   RO         8719    .constdata          nrf_sdh.o
    0x0003f83c   0x00000010   Data   RO         8720    .constdata          nrf_sdh.o
    0x0003f84c   0x00000010   Data   RO         8721    .constdata          nrf_sdh.o
    0x0003f85c   0x00000010   Data   RO         8828    .constdata          nrf_sdh_ant.o
    0x0003f86c   0x00000018   Data   RO         8829    .constdata          nrf_sdh_ant.o
    0x0003f884   0x00000020   Data   RO         8872    .constdata          nrf_sdh_ble.o
    0x0003f8a4   0x00000010   Data   RO         8873    .constdata          nrf_sdh_ble.o
    0x0003f8b4   0x00000010   Data   RO         8923    .constdata          nrf_sdh_soc.o
    0x0003f8c4   0x0000000c   Data   RO         8924    .constdata          nrf_sdh_soc.o
    0x0003f8d0   0x00000081   Data   RO         9336    .constdata          mc_w.l(ctype_o.o)
    0x0003f951   0x00000003   PAD
    0x0003f954   0x00000004   Data   RO         9337    .constdata          mc_w.l(ctype_o.o)
    0x0003f958   0x00000134   Data   RO         2251    .conststring        gatt_cache_manager.o
    0x0003fa8c   0x0000019c   Data   RO         2409    .conststring        gatts_cache_manager.o
    0x0003fc28   0x000000a2   Data   RO         2675    .conststring        nrf_ble_gatt.o
    0x0003fcca   0x00000002   PAD
    0x0003fccc   0x000000a4   Data   RO         2829    .conststring        peer_data_storage.o
    0x0003fd70   0x00000180   Data   RO         2969    .conststring        peer_database.o
    0x0003fef0   0x00000048   Data   RO         3208    .conststring        peer_manager.o
    0x0003ff38   0x00000306   Data   RO         3640    .conststring        security_dispatcher.o
    0x0004023e   0x00000002   PAD
    0x00040240   0x0000017b   Data   RO         3800    .conststring        security_manager.o
    0x000403bb   0x00000001   PAD
    0x000403bc   0x000000e9   Data   RO         4112    .conststring        ble_db_discovery.o
    0x000404a5   0x00000003   PAD
    0x000404a8   0x0000004a   Data   RO         4233    .conststring        nrf_ble_gq.o
    0x000404f2   0x00000002   PAD
    0x000404f4   0x0000004f   Data   RO         7040    .conststring        nrf_fstorage.o
    0x00040543   0x00000001   PAD
    0x00040544   0x000003eb   Data   RO         7542    .conststring        nrf_strerror.o
    0x0004092f   0x00000001   PAD
    0x00040930   0x00000066   Data   RO         8302    .conststring        nrf_log_str_formatter.o
    0x00040996   0x00000002   PAD
    0x00040998   0x000001cf   Data   RO         8874    .conststring        nrf_sdh_ble.o
    0x00040b67   0x00000001   PAD
    0x00040b68   0x00000008   Data   RO         1323    .conststrlit        ant_hrm.o
    0x00040b70   0x0000000f   Data   RO         1405    .conststrlit        ant_hrm_page_0.o
    0x00040b7f   0x00000001   PAD
    0x00040b80   0x0000000f   Data   RO         1444    .conststrlit        ant_hrm_page_1.o
    0x00040b8f   0x00000001   PAD
    0x00040b90   0x0000000f   Data   RO         1490    .conststrlit        ant_hrm_page_2.o
    0x00040b9f   0x00000001   PAD
    0x00040ba0   0x0000000f   Data   RO         1529    .conststrlit        ant_hrm_page_3.o
    0x00040baf   0x00000001   PAD
    0x00040bb0   0x0000000f   Data   RO         1571    .conststrlit        ant_hrm_page_4.o
    0x00040bbf   0x00000001   PAD
    0x00040bc0   0x00000011   Data   RO         2252    .conststrlit        gatt_cache_manager.o
    0x00040bd1   0x00000003   PAD
    0x00040bd4   0x00000012   Data   RO         2410    .conststrlit        gatts_cache_manager.o
    0x00040be6   0x00000002   PAD
    0x00040be8   0x00000010   Data   RO         2517    .conststrlit        id_manager.o
    0x00040bf8   0x0000000d   Data   RO         2676    .conststrlit        nrf_ble_gatt.o
    0x00040c05   0x00000003   PAD
    0x00040c08   0x00000011   Data   RO         2830    .conststrlit        peer_data_storage.o
    0x00040c19   0x00000003   PAD
    0x00040c1c   0x00000011   Data   RO         2970    .conststrlit        peer_database.o
    0x00040c2d   0x00000003   PAD
    0x00040c30   0x0000000d   Data   RO         3209    .conststrlit        peer_manager.o
    0x00040c3d   0x00000003   PAD
    0x00040c40   0x00000015   Data   RO         3487    .conststrlit        peer_manager_handler.o
    0x00040c55   0x00000003   PAD
    0x00040c58   0x00000011   Data   RO         3641    .conststrlit        security_dispatcher.o
    0x00040c69   0x00000003   PAD
    0x00040c6c   0x00000010   Data   RO         3801    .conststrlit        security_manager.o
    0x00040c7c   0x00000009   Data   RO         3990    .conststrlit        nrf_ble_scan.o
    0x00040c85   0x00000003   PAD
    0x00040c88   0x0000000c   Data   RO         4113    .conststrlit        ble_db_discovery.o
    0x00040c94   0x0000000b   Data   RO         4234    .conststrlit        nrf_ble_gq.o
    0x00040c9f   0x00000001   PAD
    0x00040ca0   0x00000008   Data   RO         4465    .conststrlit        ble_nus_domyos.o
    0x00040ca8   0x0000000a   Data   RO         4535    .conststrlit        ble_hrs_c.o
    0x00040cb2   0x00000002   PAD
    0x00040cb4   0x00000007   Data   RO         4846    .conststrlit        nrfx_gpiote.o
    0x00040cbb   0x00000001   PAD
    0x00040cbc   0x00000004   Data   RO         5111    .conststrlit        nrfx_prs.o
    0x00040cc0   0x00000005   Data   RO         5191    .conststrlit        nrfx_uart.o
    0x00040cc5   0x00000003   PAD
    0x00040cc8   0x00000006   Data   RO         5379    .conststrlit        nrfx_uarte.o
    0x00040cce   0x00000002   PAD
    0x00040cd0   0x00000006   Data   RO         5530    .conststrlit        nrfx_timer.o
    0x00040cd6   0x00000002   PAD
    0x00040cd8   0x0000000b   Data   RO         5655    .conststrlit        app_button.o
    0x00040ce3   0x00000001   PAD
    0x00040ce4   0x0000000a   Data   RO         5907    .conststrlit        app_timer2.o
    0x00040cee   0x00000002   PAD
    0x00040cf0   0x0000000d   Data   RO         7041    .conststrlit        nrf_fstorage.o
    0x00040cfd   0x00000003   PAD
    0x00040d00   0x00000009   Data   RO         7320    .conststrlit        nrf_pwr_mgmt.o
    0x00040d09   0x00000003   PAD
    0x00040d0c   0x00000009   Data   RO         7488    .conststrlit        nrf_sortlist.o
    0x00040d15   0x00000003   PAD
    0x00040d18   0x00000010   Data   RO         8075    .conststrlit        nrf_log_default_backends.o
    0x00040d28   0x00000004   Data   RO         8141    .conststrlit        nrf_log_frontend.o
    0x00040d2c   0x00000008   Data   RO         8722    .conststrlit        nrf_sdh.o
    0x00040d34   0x0000000c   Data   RO         8830    .conststrlit        nrf_sdh_ant.o
    0x00040d40   0x0000000c   Data   RO         8875    .conststrlit        nrf_sdh_ble.o
    0x00040d4c   0x0000000c   Data   RO         8925    .conststrlit        nrf_sdh_soc.o
    0x00040d58   0x00000009   Data   RO         9050    .conststrlit        ble_ftms.lib(ble_ftms.o)
    0x00040d61   0x00000003   PAD
    0x00040d64   0x00000020   Data   RO         9401    Region$$Table       anon$$obj.o
    0x00040d84   0x00000010   Data   RO         8077    log_backends        nrf_log_default_backends.o
    0x00040d94   0x00000008   Data   RO         1324    log_const_data      ant_hrm.o
    0x00040d9c   0x00000008   Data   RO         1406    log_const_data      ant_hrm_page_0.o
    0x00040da4   0x00000008   Data   RO         1445    log_const_data      ant_hrm_page_1.o
    0x00040dac   0x00000008   Data   RO         1491    log_const_data      ant_hrm_page_2.o
    0x00040db4   0x00000008   Data   RO         1530    log_const_data      ant_hrm_page_3.o
    0x00040dbc   0x00000008   Data   RO         1572    log_const_data      ant_hrm_page_4.o
    0x00040dc4   0x00000008   Data   RO         2254    log_const_data      gatt_cache_manager.o
    0x00040dcc   0x00000008   Data   RO         2412    log_const_data      gatts_cache_manager.o
    0x00040dd4   0x00000008   Data   RO         2519    log_const_data      id_manager.o
    0x00040ddc   0x00000008   Data   RO         2677    log_const_data      nrf_ble_gatt.o
    0x00040de4   0x00000008   Data   RO         2832    log_const_data      peer_data_storage.o
    0x00040dec   0x00000008   Data   RO         2972    log_const_data      peer_database.o
    0x00040df4   0x00000008   Data   RO         3211    log_const_data      peer_manager.o
    0x00040dfc   0x00000008   Data   RO         3490    log_const_data      peer_manager_handler.o
    0x00040e04   0x00000008   Data   RO         3643    log_const_data      security_dispatcher.o
    0x00040e0c   0x00000008   Data   RO         3803    log_const_data      security_manager.o
    0x00040e14   0x00000008   Data   RO         3991    log_const_data      nrf_ble_scan.o
    0x00040e1c   0x00000008   Data   RO         4115    log_const_data      ble_db_discovery.o
    0x00040e24   0x00000008   Data   RO         4235    log_const_data      nrf_ble_gq.o
    0x00040e2c   0x00000008   Data   RO         4466    log_const_data      ble_nus_domyos.o
    0x00040e34   0x00000008   Data   RO         4536    log_const_data      ble_hrs_c.o
    0x00040e3c   0x00000008   Data   RO         4847    log_const_data      nrfx_gpiote.o
    0x00040e44   0x00000008   Data   RO         5113    log_const_data      nrfx_prs.o
    0x00040e4c   0x00000008   Data   RO         5192    log_const_data      nrfx_uart.o
    0x00040e54   0x00000008   Data   RO         5380    log_const_data      nrfx_uarte.o
    0x00040e5c   0x00000008   Data   RO         5531    log_const_data      nrfx_timer.o
    0x00040e64   0x00000008   Data   RO         5657    log_const_data      app_button.o
    0x00040e6c   0x00000008   Data   RO         5910    log_const_data      app_timer2.o
    0x00040e74   0x00000008   Data   RO         7042    log_const_data      nrf_fstorage.o
    0x00040e7c   0x00000008   Data   RO         7322    log_const_data      nrf_pwr_mgmt.o
    0x00040e84   0x00000008   Data   RO         7489    log_const_data      nrf_sortlist.o
    0x00040e8c   0x00000008   Data   RO         8145    log_const_data      nrf_log_frontend.o
    0x00040e94   0x00000008   Data   RO         8724    log_const_data      nrf_sdh.o
    0x00040e9c   0x00000008   Data   RO         8832    log_const_data      nrf_sdh_ant.o
    0x00040ea4   0x00000008   Data   RO         8877    log_const_data      nrf_sdh_ble.o
    0x00040eac   0x00000008   Data   RO         8926    log_const_data      nrf_sdh_soc.o
    0x00040eb4   0x00000008   Data   RO         9051    log_const_data      ble_ftms.lib(ble_ftms.o)
    0x00040ebc   0x00000014   Data   RO           61    nrf_balloc          main.o
    0x00040ed0   0x00000014   Data   RO         8146    nrf_balloc          nrf_log_frontend.o
    0x00040ee4   0x00000014   Data   RO           62    nrf_queue           main.o
    0x00040ef8   0x00000008   Data   RO           63    sdh_ant_observers1  main.o
    0x00040f00   0x00000008   Data   RO           64    sdh_ble_observers0  main.o
    0x00040f08   0x00000008   Data   RO         2011    sdh_ble_observers0  ble_conn_state.o
    0x00040f10   0x00000030   Data   RO           65    sdh_ble_observers1  main.o
    0x00040f40   0x00000008   Data   RO         1922    sdh_ble_observers1  ble_conn_params.o
    0x00040f48   0x00000008   Data   RO         3212    sdh_ble_observers1  peer_manager.o
    0x00040f50   0x00000018   Data   RO           66    sdh_ble_observers2  main.o
    0x00040f68   0x00000008   Data   RO         7136    sdh_req_observers0  nrf_fstorage_sd.o
    0x00040f70   0x00000008   Data   RO         7137    sdh_soc_observers0  nrf_fstorage_sd.o
    0x00040f78   0x00000008   Data   RO         8833    sdh_stack_observers0  nrf_sdh_ant.o
    0x00040f80   0x00000008   Data   RO         8878    sdh_stack_observers0  nrf_sdh_ble.o
    0x00040f88   0x00000008   Data   RO         8927    sdh_stack_observers0  nrf_sdh_soc.o
    0x00040f90   0x00000008   Data   RO         7138    sdh_state_observers0  nrf_fstorage_sd.o


    Execution Region RW_IRAM1 (Base: 0x20003e30, Size: 0x00004b88, Max: 0x0000c1d0, ABSOLUTE, COMPRESSED[0x000000c8])

    Base Addr    Size         Type   Attr      Idx    E Section Name        Object

    0x20003e30   0x00000c60   Data   RW           51    .data               main.o
    0x20004a90   0x00000002   Data   RW           52    .data               main.o
    0x20004a92   0x00000002   PAD
    0x20004a94   0x00000008   Data   RW           53    .data               main.o
    0x20004a9c   0x00000008   Data   RW           54    .data               main.o
    0x20004aa4   0x000005d0   Data   RW           55    .data               main.o
    0x20005074   0x00000004   Data   RW           56    .data               main.o
    0x20005078   0x00000008   Data   RW           57    .data               main.o
    0x20005080   0x00000008   Data   RW           58    .data               main.o
    0x20005088   0x00000008   Data   RW           59    .data               main.o
    0x20005090   0x00000008   Data   RW           60    .data               main.o
    0x20005098   0x00000001   Data   RW          852    .data               my_uart.o
    0x20005099   0x00000003   PAD
    0x2000509c   0x00000010   Data   RW         1171    .data               bsp.o
    0x200050ac   0x00000010   Data   RW         1610    .data               ant_key_manager.o
    0x200050bc   0x00000008   Data   RW         1921    .data               ble_conn_params.o
    0x200050c4   0x00000010   Data   RW         2253    .data               gatt_cache_manager.o
    0x200050d4   0x0000000c   Data   RW         2411    .data               gatts_cache_manager.o
    0x200050e0   0x0000000c   Data   RW         2831    .data               peer_data_storage.o
    0x200050ec   0x00000008   Data   RW         2971    .data               peer_database.o
    0x200050f4   0x00000010   Data   RW         3210    .data               peer_manager.o
    0x20005104   0x00000005   Data   RW         3642    .data               security_dispatcher.o
    0x20005109   0x00000003   PAD
    0x2000510c   0x00000015   Data   RW         3802    .data               security_manager.o
    0x20005121   0x00000003   PAD
    0x20005124   0x00000010   Data   RW         4114    .data               ble_db_discovery.o
    0x20005134   0x0000004a   Data   RW         4327    .data               ble_dis.o
    0x2000517e   0x00000002   PAD
    0x20005180   0x0000000c   Data   RW         4607    .data               nrf_drv_uart.o
    0x2000518c   0x00000008   Data   RW         5112    .data               nrfx_prs.o
    0x20005194   0x00000004   PAD
    0x20005198   0x00000020   Data   RW         5908    .data               app_timer2.o
    0x200051b8   0x00000004   Data   RW         5909    .data               app_timer2.o
    0x200051bc   0x0000000c   Data   RW         6147    .data               drv_rtc.o
    0x200051c8   0x00000030   Data   RW         6348    .data               fds.o
    0x200051f8   0x00000008   Data   RW         7135    .data               nrf_fstorage_sd.o
    0x20005200   0x00000008   Data   RW         7321    .data               nrf_pwr_mgmt.o
    0x20005208   0x0000001c   Data   RW         7614    .data               app_uart_fifo.o
    0x20005224   0x00000001   Data   RW         7961    .data               nrf_log_backend_rtt.o
    0x20005225   0x00000003   PAD
    0x20005228   0x00000008   Data   RW         8076    .data               nrf_log_default_backends.o
    0x20005230   0x00000004   Data   RW         8142    .data               nrf_log_frontend.o
    0x20005234   0x00000008   Data   RW         8143    .data               nrf_log_frontend.o
    0x2000523c   0x00000008   Data   RW         8144    .data               nrf_log_frontend.o
    0x20005244   0x00000040   Data   RW         8303    .data               nrf_log_str_formatter.o
    0x20005284   0x00000003   Data   RW         8723    .data               nrf_sdh.o
    0x20005287   0x00000001   Data   RW         8831    .data               nrf_sdh_ant.o
    0x20005288   0x00000001   Data   RW         8876    .data               nrf_sdh_ble.o
    0x20005289   0x00000003   PAD
    0x2000528c   0x00000004   Data   RW         8966    .data               system_nrf52.o
    0x20005290   0x00000014   Data   RW         6349    fs_data             fds.o
    0x200052a4   0x0000035a   Zero   RW           42    .bss                main.o
    0x200055fe   0x00000002   PAD
    0x20005600   0x00000020   Zero   RW           43    .bss                main.o
    0x20005620   0x00000020   Zero   RW           44    .bss                main.o
    0x20005640   0x000000a0   Zero   RW           45    .bss                main.o
    0x200056e0   0x0000000c   Zero   RW           46    .bss                main.o
    0x200056ec   0x0000000c   Zero   RW           47    .bss                main.o
    0x200056f8   0x000000c0   Zero   RW           48    .bss                main.o
    0x200057b8   0x00000024   Zero   RW          663    .bss                dkn_cmd.o
    0x200057dc   0x00000004   PAD
    0x200057e0   0x00000020   Zero   RW          847    .bss                my_uart.o
    0x20005800   0x00000020   Zero   RW          848    .bss                my_uart.o
    0x20005820   0x00000020   Zero   RW          849    .bss                my_uart.o
    0x20005840   0x00000186   Zero   RW          850    .bss                my_uart.o
    0x200059c6   0x00000002   PAD
    0x200059c8   0x00000020   Zero   RW         1166    .bss                bsp.o
    0x200059e8   0x00000020   Zero   RW         1167    .bss                bsp.o
    0x20005a08   0x0000000c   Zero   RW         1168    .bss                bsp.o
    0x20005a14   0x00000004   PAD
    0x20005a18   0x00000020   Zero   RW         1169    .bss                bsp.o
    0x20005a38   0x00000050   Zero   RW         1920    .bss                ble_conn_params.o
    0x20005a88   0x0000007c   Zero   RW         2010    .bss                ble_conn_state.o
    0x20005b04   0x000000d8   Zero   RW         2514    .bss                id_manager.o
    0x20005bdc   0x00000180   Zero   RW         2967    .bss                peer_database.o
    0x20005d5c   0x00000040   Zero   RW         3083    .bss                peer_id.o
    0x20005d9c   0x0000000c   Zero   RW         3206    .bss                peer_manager.o
    0x20005da8   0x00000040   Zero   RW         3638    .bss                security_dispatcher.o
    0x20005de8   0x00000018   Zero   RW         4110    .bss                ble_db_discovery.o
    0x20005e00   0x0000005c   Zero   RW         4841    .bss                nrfx_gpiote.o
    0x20005e5c   0x0000002c   Zero   RW         5186    .bss                nrfx_uart.o
    0x20005e88   0x00000024   Zero   RW         5374    .bss                nrfx_uarte.o
    0x20005eac   0x0000000c   Zero   RW         5528    .bss                nrfx_timer.o
    0x20005eb8   0x00000010   Zero   RW         5904    .bss                app_timer2.o
    0x20005ec8   0x00000058   Zero   RW         5905    .bss                app_timer2.o
    0x20005f20   0x0000000c   Zero   RW         6034    .bss                app_util_platform.o
    0x20005f2c   0x00000010   Zero   RW         6345    .bss                fds.o
    0x20005f3c   0x000000e0   Zero   RW         6346    .bss                fds.o
    0x2000601c   0x00000010   Zero   RW         7131    .bss                nrf_fstorage_sd.o
    0x2000602c   0x000000a0   Zero   RW         7132    .bss                nrf_fstorage_sd.o
    0x200060cc   0x0000000c   Zero   RW         7317    .bss                nrf_pwr_mgmt.o
    0x200060d8   0x00000020   Zero   RW         7612    .bss                app_uart_fifo.o
    0x200060f8   0x00000040   Zero   RW         7958    .bss                nrf_log_backend_rtt.o
    0x20006138   0x000000c0   Zero   RW         8136    .bss                nrf_log_frontend.o
    0x200061f8   0x00000080   Zero   RW         8137    .bss                nrf_log_frontend.o
    0x20006278   0x00000018   Zero   RW         8138    .bss                nrf_log_frontend.o
    0x20006290   0x00000420   Zero   RW         8139    .bss                nrf_log_frontend.o
    0x200066b0   0x00000288   Zero   RW         8379    .bss                segger_rtt.o
    0x20006938   0x00000080   Zero   RW         8827    .bss                nrf_sdh_ant.o
    0x200069b8   0x00002000   Zero   RW         8954    STACK               arm_startup_nrf52.o


==============================================================================

Image component sizes


      Code (inc. data)   RO Data    RW Data    ZI Data      Debug   Object Name

        60          0          0          0          0      28639   ant_channel_config.o
         0          0         16          0          0       4088   ant_hrm.o
         0          0         23          0          0       1559   ant_hrm_page_0.o
         0          0         23          0          0       1443   ant_hrm_page_1.o
         0          0         23          0          0       1423   ant_hrm_page_2.o
         0          0         23          0          0       1375   ant_hrm_page_3.o
         0          0         23          0          0       1507   ant_hrm_page_4.o
        12          6          0         16          0       1891   ant_key_manager.o
        64          0          0          0          0       3446   ant_search_config.o
         0          0         19          0          0       6667   app_button.o
        22          0          0          0          0       2569   app_error.o
       132         46          0          0          0       4162   app_error_weak.o
       118          0          0          0          0       4566   app_fifo.o
         0          0          0          0          0      37198   app_scheduler.o
       846         88         38         36        104      17001   app_timer2.o
       528         60         32         28         32      16894   app_uart_fifo.o
       124         14          0          0         12      10774   app_util_platform.o
        36          8        512          0       8192        948   arm_startup_nrf52.o
      1556          0          0          0          0      55324   ble_advdata.o
         0          0          0          0          0       3512   ble_advertising.o
       636         44          8          8         80      10643   ble_conn_params.o
       822         60          8          0        124      20841   ble_conn_state.o
      1966        156        377         16         24      30851   ble_db_discovery.o
       530         12          0         74          0       5727   ble_dis.o
       564          0          0          0          0      10248   ble_hrs.o
       454          4         18          0          0      49185   ble_hrs_c.o
        72          0          0          0          0       1684   ble_link_ctx_manager.o
       974         16         64          0          0       8640   ble_nus_domyos.o
       482          6          0          0          0       4967   ble_srv_common.o
       194         26          8          0          0      24903   boards.o
       672         56         44         16        108      17453   bsp.o
      1868        132        106          0         36      68944   dkn_cmd.o
       704         76          6         12          0      49017   drv_rtc.o
      3636        340         24         68        240      50659   fds.o
      2004        534        441         16          0      34356   gatt_cache_manager.o
       666         80        462         12          0      16211   gatts_cache_manager.o
       946         34         32          0        216      21996   id_manager.o
      8336       2348        192       4710       1298     297609   main.o
      2222        212         36          1        486     107345   my_uart.o
       342          0          0          0          0       6874   nrf_atfifo.o
       170          0          0          0          0       4928   nrf_atflags.o
       332          0          0          0          0      10386   nrf_atomic.o
       164          0          0          0          0       3704   nrf_balloc.o
       990        272        205          0          0      38349   nrf_ble_gatt.o
      1122        114        117          0          0      11279   nrf_ble_gq.o
       276          0          0          0          0       6349   nrf_ble_qwr.o
       866         44         17          0          0      14463   nrf_ble_scan.o
       200         26          0         12          0      18012   nrf_drv_uart.o
        50          0          0          0          0       3661   nrf_fprintf.o
       866          4         16          0          0       6662   nrf_fprintf_format.o
       972        432        194          0          0       8212   nrf_fstorage.o
       798         82         72          8        176      20287   nrf_fstorage_sd.o
       112         18         18          1         64       6313   nrf_log_backend_rtt.o
       200          0          0          0          0      11025   nrf_log_backend_serial.o
        28          4         32          8          0       3409   nrf_log_default_backends.o
      1664        136         44         20       1400      32342   nrf_log_frontend.o
       570        108        102         64          0       5784   nrf_log_str_formatter.o
       346          0          0          0          0       9771   nrf_memobj.o
       108         16         53          8         12      41474   nrf_pwr_mgmt.o
       406          0          0          0          0       6547   nrf_queue.o
        28          0          0          0          0       2435   nrf_ringbuf.o
       600         98        104          3          0      45636   nrf_sdh.o
       192         58         68          1        128       3533   nrf_sdh_ant.o
       724        236        539          1          0       6021   nrf_sdh_ble.o
        60          4         56          0          0       2528   nrf_sdh_soc.o
        78          0          0          0          0       2852   nrf_section_iter.o
        84          0         17          0          0       4225   nrf_sortlist.o
        76         10       1319          0          0       2819   nrf_strerror.o
       506         38         19          0         92      25245   nrfx_gpiote.o
        94         16         12          8          0       3861   nrfx_prs.o
        92         10         14          0         12       9967   nrfx_timer.o
      1368         38         17          0         44      61084   nrfx_uart.o
      1290         36         18          0         36      25599   nrfx_uarte.o
       708         48        213         12          0      15931   peer_data_storage.o
      1294        208        425          8        384      19774   peer_database.o
       302         34          0          0         64       8756   peer_id.o
       670         38        101         16         12      12354   peer_manager.o
         0          0         29          0          0       2528   peer_manager_handler.o
       198          0          0          0          0       4602   pm_buffer.o
      2140        268        939          5         64      29588   security_dispatcher.o
      1086        100        411         21          0      51307   security_manager.o
       378         34          0          0        648       9181   segger_rtt.o
       928         72          0          4          0      13511   system_nrf52.o

    ----------------------------------------------------------------------
     54828       6960       7844       5236      14100    1669433   Object Totals
         0          0         32          0          0          0   (incl. Generated)
       104          0         83         23         12          0   (incl. Padding)

    ----------------------------------------------------------------------

      Code (inc. data)   RO Data    RW Data    ZI Data      Debug   Library Member Name

      6198        710         17          0          0     125915   ble_ftms.o
        86          0          0          0          0          0   __dczerorl2.o
         8          4        133          0          0         68   ctype_o.o
         0          0          0          0          0          0   entry.o
         0          0          0          0          0          0   entry10a.o
         0          0          0          0          0          0   entry11a.o
         8          4          0          0          0          0   entry2.o
         4          0          0          0          0          0   entry5.o
         0          0          0          0          0          0   entry7b.o
         0          0          0          0          0          0   entry8b.o
         8          4          0          0          0          0   entry9a.o
        30          0          0          0          0          0   handlers.o
        36          8          0          0          0         68   init.o
        30          0          0          0          0         68   llshl.o
        32          0          0          0          0         68   llushr.o
        26          0          0          0          0         80   memcmp.o
        64          0          0          0          0         76   memmovea.o
        36          0          0          0          0        108   memseta.o
        18          0          0          0          0         68   strcpy.o
        14          0          0          0          0         68   strlen.o
        98          0          0          0          0         92   uldiv.o

    ----------------------------------------------------------------------
      6700        730        156          0          0     126679   Library Totals
         4          0          6          0          0          0   (incl. Padding)

    ----------------------------------------------------------------------

      Code (inc. data)   RO Data    RW Data    ZI Data      Debug   Library Name

      6198        710         17          0          0     125915   ble_ftms.lib
       498         20        133          0          0        764   mc_w.l

    ----------------------------------------------------------------------
      6700        730        156          0          0     126679   Library Totals

    ----------------------------------------------------------------------

==============================================================================


      Code (inc. data)   RO Data    RW Data    ZI Data      Debug   

     61528       7690       8000       5236      14100    1734436   Grand Totals
     61528       7690       8000        200      14100    1734436   ELF Image Totals (compressed)
     61528       7690       8000        200          0          0   ROM Totals

==============================================================================

    Total RO  Size (Code + RO Data)                69528 (  67.90kB)
    Total RW  Size (RW Data + ZI Data)             19336 (  18.88kB)
    Total ROM Size (Code + RO Data + RW Data)      69728 (  68.09kB)

==============================================================================

